Component: ARM Compiler 6.16 Tool: armlink [5dfeaa00]

==============================================================================

Section Cross References

    freertos_uart.o(.text.main) refers to pin_mux.o(.text.BOARD_InitBootPins) for BOARD_InitBootPins
    freertos_uart.o(.text.main) refers to clock_config.o(.text.BOARD_InitBootClocks) for BOARD_InitBootClocks
    freertos_uart.o(.text.main) refers to freertos_uart.o(.text.__NVIC_SetPriority) for __NVIC_SetPriority
    freertos_uart.o(.text.main) refers to freertos_uart.o(.text.uart_task) for uart_task
    freertos_uart.o(.text.main) refers to tasks.o(.text.xTaskCreate) for xTaskCreate
    freertos_uart.o(.text.main) refers to tasks.o(.text.vTaskStartScheduler) for vTaskStartScheduler
    freertos_uart.o(.text.main) refers to fsl_debug_console.o(.text.DbgConsole_Printf) for DbgConsole_Printf
    freertos_uart.o(.ARM.exidx.text.main) refers to freertos_uart.o(.text.main) for [Anonymous Symbol]
    freertos_uart.o(.ARM.exidx.text.__NVIC_SetPriority) refers to freertos_uart.o(.text.__NVIC_SetPriority) for [Anonymous Symbol]
    freertos_uart.o(.text.uart_task) refers to fsl_clock.o(.text.CLOCK_GetFreq) for CLOCK_GetFreq
    freertos_uart.o(.text.uart_task) refers to freertos_uart.o(.data.uart_config) for uart_config
    freertos_uart.o(.text.uart_task) refers to freertos_uart.o(.bss.handle) for handle
    freertos_uart.o(.text.uart_task) refers to freertos_uart.o(.bss.t_handle) for t_handle
    freertos_uart.o(.text.uart_task) refers to fsl_uart_freertos.o(.text.UART_RTOS_Init) for UART_RTOS_Init
    freertos_uart.o(.text.uart_task) refers to tasks.o(.text.vTaskSuspend) for vTaskSuspend
    freertos_uart.o(.text.uart_task) refers to freertos_uart.o(.data.to_send) for to_send
    freertos_uart.o(.text.uart_task) refers to strlen.o(.text) for strlen
    freertos_uart.o(.text.uart_task) refers to fsl_uart_freertos.o(.text.UART_RTOS_Send) for UART_RTOS_Send
    freertos_uart.o(.text.uart_task) refers to freertos_uart.o(.bss.recv_buffer) for recv_buffer
    freertos_uart.o(.text.uart_task) refers to freertos_uart.o(.data.send_ring_overrun) for send_ring_overrun
    freertos_uart.o(.text.uart_task) refers to freertos_uart.o(.data.send_hardware_overrun) for send_hardware_overrun
    freertos_uart.o(.text.uart_task) refers to fsl_uart_freertos.o(.text.UART_RTOS_Receive) for UART_RTOS_Receive
    freertos_uart.o(.text.uart_task) refers to fsl_uart_freertos.o(.text.UART_RTOS_Deinit) for UART_RTOS_Deinit
    freertos_uart.o(.ARM.exidx.text.uart_task) refers to freertos_uart.o(.text.uart_task) for [Anonymous Symbol]
    freertos_uart.o(.data.to_send) refers to freertos_uart.o(.rodata.str1.1) for [Anonymous Symbol]
    freertos_uart.o(.data.send_ring_overrun) refers to freertos_uart.o(.rodata.str1.1) for [Anonymous Symbol]
    freertos_uart.o(.data.send_hardware_overrun) refers to freertos_uart.o(.rodata.str1.1) for [Anonymous Symbol]
    freertos_uart.o(.data.uart_config) refers to freertos_uart.o(.bss.background_buffer) for background_buffer
    pin_mux.o(.text.BOARD_InitBootPins) refers to pin_mux.o(.text.BOARD_InitPins) for BOARD_InitPins
    pin_mux.o(.ARM.exidx.text.BOARD_InitBootPins) refers to pin_mux.o(.text.BOARD_InitBootPins) for [Anonymous Symbol]
    pin_mux.o(.text.BOARD_InitPins) refers to pin_mux.o(.text.CLOCK_EnableClock) for CLOCK_EnableClock
    pin_mux.o(.text.BOARD_InitPins) refers to pin_mux.o(.text.PORT_SetPinMux) for PORT_SetPinMux
    pin_mux.o(.ARM.exidx.text.BOARD_InitPins) refers to pin_mux.o(.text.BOARD_InitPins) for [Anonymous Symbol]
    pin_mux.o(.ARM.exidx.text.CLOCK_EnableClock) refers to pin_mux.o(.text.CLOCK_EnableClock) for [Anonymous Symbol]
    pin_mux.o(.ARM.exidx.text.PORT_SetPinMux) refers to pin_mux.o(.text.PORT_SetPinMux) for [Anonymous Symbol]
    board.o(.text.BOARD_InitDebugConsole) refers to fsl_clock.o(.text.CLOCK_GetCoreSysClkFreq) for CLOCK_GetCoreSysClkFreq
    board.o(.text.BOARD_InitDebugConsole) refers to fsl_debug_console.o(.text.DbgConsole_Init) for DbgConsole_Init
    board.o(.ARM.exidx.text.BOARD_InitDebugConsole) refers to board.o(.text.BOARD_InitDebugConsole) for [Anonymous Symbol]
    clock_config.o(.text.BOARD_InitBootClocks) refers to clock_config.o(.text.BOARD_BootClockRUN) for BOARD_BootClockRUN
    clock_config.o(.ARM.exidx.text.BOARD_InitBootClocks) refers to clock_config.o(.text.BOARD_InitBootClocks) for [Anonymous Symbol]
    clock_config.o(.text.BOARD_BootClockRUN) refers to clock_config.o(.text.CLOCK_SetSimSafeDivs) for CLOCK_SetSimSafeDivs
    clock_config.o(.text.BOARD_BootClockRUN) refers to clock_config.o(.rodata.oscConfig_BOARD_BootClockRUN) for oscConfig_BOARD_BootClockRUN
    clock_config.o(.text.BOARD_BootClockRUN) refers to fsl_clock.o(.text.CLOCK_InitOsc0) for CLOCK_InitOsc0
    clock_config.o(.text.BOARD_BootClockRUN) refers to clock_config.o(.text.CLOCK_SetXtal0Freq) for CLOCK_SetXtal0Freq
[...]
    uart_task                                0x00003095   Thumb Code   272  freertos_uart.o(.text.uart_task)
    [Anonymous Symbol]                       0x00003094   Section        0  freertos_uart.o(.text.uart_task)
    [Anonymous Symbol]                       0x000031a4   Section        0  list.o(.text.uxListRemove)
    [Anonymous Symbol]                       0x000031c8   Section        0  tasks.o(.text.uxTaskResetEventItemValue)
    [Anonymous Symbol]                       0x000031e4   Section        0  event_groups.o(.text.vEventGroupDelete)
    [Anonymous Symbol]                       0x00003228   Section        0  event_groups.o(.text.vEventGroupSetBitsCallback)
    [Anonymous Symbol]                       0x00003230   Section        0  list.o(.text.vListInitialise)
    [Anonymous Symbol]                       0x00003248   Section        0  list.o(.text.vListInitialiseItem)
    [Anonymous Symbol]                       0x00003250   Section        0  list.o(.text.vListInsert)
    [Anonymous Symbol]                       0x0000328c   Section        0  list.o(.text.vListInsertEnd)
    vPortEnableVFP                           0x000032a9   Thumb Code    20  port.o(.text.vPortEnableVFP)
    [Anonymous Symbol]                       0x000032a8   Section        0  port.o(.text.vPortEnableVFP)
    [Anonymous Symbol]                       0x000032bc   Section        0  port.o(.text.vPortEnterCritical)
    [Anonymous Symbol]                       0x00003304   Section        0  port.o(.text.vPortExitCritical)
    [Anonymous Symbol]                       0x00003334   Section        0  heap_4.o(.text.vPortFree)
    [Anonymous Symbol]                       0x000033c0   Section        0  port.o(.text.vPortSetupTimerInterrupt)
    [Anonymous Symbol]                       0x000033f4   Section        0  port.o(.text.vPortValidateInterruptPriority)
    [Anonymous Symbol]                       0x00003458   Section        0  queue.o(.text.vQueueAddToRegistry)
    [Anonymous Symbol]                       0x00003480   Section        0  queue.o(.text.vQueueDelete)
    [Anonymous Symbol]                       0x000034a8   Section        0  queue.o(.text.vQueueUnregisterQueue)
    [Anonymous Symbol]                       0x000034d4   Section        0  queue.o(.text.vQueueWaitForMessageRestricted)
    [Anonymous Symbol]                       0x00003518   Section        0  tasks.o(.text.vTaskInternalSetTimeOutState)
    [Anonymous Symbol]                       0x00003534   Section        0  tasks.o(.text.vTaskMissedYield)
    [Anonymous Symbol]                       0x00003544   Section        0  tasks.o(.text.vTaskPlaceOnEventList)
    [Anonymous Symbol]                       0x00003578   Section        0  tasks.o(.text.vTaskPlaceOnEventListRestricted)
    [Anonymous Symbol]                       0x000035b8   Section        0  tasks.o(.text.vTaskPlaceOnUnorderedEventList)
    [Anonymous Symbol]                       0x00003614   Section        0  tasks.o(.text.vTaskPriorityDisinheritAfterTimeout)
    [Anonymous Symbol]                       0x000036d0   Section        0  tasks.o(.text.vTaskRemoveFromUnorderedEventList)
    [Anonymous Symbol]                       0x00003768   Section        0  tasks.o(.text.vTaskStartScheduler)
    [Anonymous Symbol]                       0x00003804   Section        0  tasks.o(.text.vTaskSuspend)
    [Anonymous Symbol]                       0x000038fc   Section        0  tasks.o(.text.vTaskSuspendAll)
    __tagsym$$used.0                         0x0000390c   Number         0  tasks.o(.text.vTaskSwitchContext)
    [Anonymous Symbol]                       0x0000390c   Section        0  tasks.o(.text.vTaskSwitchContext)
    [Anonymous Symbol]                       0x00003994   Section        0  event_groups.o(.text.xEventGroupClearBits)
    [Anonymous Symbol]                       0x000039dc   Section        0  event_groups.o(.text.xEventGroupCreate)
    [Anonymous Symbol]                       0x000039f8   Section        0  event_groups.o(.text.xEventGroupSetBits)
    [Anonymous Symbol]                       0x00003a98   Section        0  event_groups.o(.text.xEventGroupSetBitsFromISR)
    [Anonymous Symbol]                       0x00003ab0   Section        0  event_groups.o(.text.xEventGroupWaitBits)
    [Anonymous Symbol]                       0x00003bd0   Section        0  port.o(.text.xPortStartScheduler)
    [Anonymous Symbol]                       0x00003ce4   Section        0  queue.o(.text.xQueueCreateMutex)
    [Anonymous Symbol]                       0x00003cfc   Section        0  queue.o(.text.xQueueGenericCreate)
    [Anonymous Symbol]                       0x00003d6c   Section        0  queue.o(.text.xQueueGenericReset)
    [Anonymous Symbol]                       0x00003dec   Section        0  queue.o(.text.xQueueGenericSend)
    [Anonymous Symbol]                       0x00003f90   Section        0  queue.o(.text.xQueueGenericSendFromISR)
    [Anonymous Symbol]                       0x00004078   Section        0  queue.o(.text.xQueueReceive)
    [Anonymous Symbol]                       0x000041fc   Section        0  queue.o(.text.xQueueSemaphoreTake)
    [Anonymous Symbol]                       0x000043c4   Section        0  tasks.o(.text.xTaskCheckForTimeOut)
    [Anonymous Symbol]                       0x00004450   Section        0  tasks.o(.text.xTaskCreate)
    [Anonymous Symbol]                       0x000044b0   Section        0  tasks.o(.text.xTaskGetSchedulerState)
    [Anonymous Symbol]                       0x000044d8   Section        0  tasks.o(.text.xTaskGetTickCount)
    [Anonymous Symbol]                       0x000044e4   Section        0  tasks.o(.text.xTaskIncrementTick)
    [Anonymous Symbol]                       0x0000462c   Section        0  tasks.o(.text.xTaskPriorityDisinherit)
    [Anonymous Symbol]                       0x000046d8   Section        0  tasks.o(.text.xTaskPriorityInherit)
    [Anonymous Symbol]                       0x00004784   Section        0  tasks.o(.text.xTaskRemoveFromEventList)
    [Anonymous Symbol]                       0x00004814   Section        0  tasks.o(.text.xTaskResumeAll)
    [Anonymous Symbol]                       0x0000492c   Section        0  timers.o(.text.xTimerCreateTimerTask)
    [Anonymous Symbol]                       0x0000498c   Section        0  timers.o(.text.xTimerGenericCommand)
    [Anonymous Symbol]                       0x000049f4   Section        0  timers.o(.text.xTimerPendFunctionCallFromISR)
    i.__scatterload_copy                     0x00004a1e   Section       14  handlers.o(i.__scatterload_copy)
    i.__scatterload_null                     0x00004a2c   Section        2  handlers.o(i.__scatterload_null)
    i.__scatterload_zeroinit                 0x00004a2e   Section       14  handlers.o(i.__scatterload_zeroinit)
    s_UartAdapterBase                        0x00004a50   Data          24  fsl_adapter_uart.o(.rodata.s_UartAdapterBase)
    [Anonymous Symbol]                       0x00004a50   Section        0  fsl_adapter_uart.o(.rodata.s_UartAdapterBase)
    s_uartClock                              0x00004a68   Data          24  fsl_uart.o(.rodata.s_uartClock)
    [Anonymous Symbol]                       0x00004a68   Section        0  fsl_uart.o(.rodata.s_uartClock)
    [Anonymous Symbol]                       0x00004a90   Section        0  freertos_uart.o(.rodata.str1.1)
    .L.str.1                                 0x00004ae6   Data          51  fsl_clock.o(.rodata.str1.1)
    [Anonymous Symbol]                       0x00004ae6   Section        0  fsl_clock.o(.rodata.str1.1)
    .L.str.4                                 0x00004b19   Data           7  fsl_clock.o(.rodata.str1.1)
    .L.str.9                                 0x00004b20   Data          13  fsl_uart.o(.rodata.str1.1)
    [Anonymous Symbol]                       0x00004b20   Section        0  fsl_uart.o(.rodata.str1.1)
    .L.str.2                                 0x00004b2d   Data          15  fsl_uart.o(.rodata.str1.1)
    .L.str.3                                 0x00004b3c   Data          15  fsl_uart.o(.rodata.str1.1)
    .L.str.11                                0x00004b4b   Data          13  fsl_uart.o(.rodata.str1.1)
    .L.str.12                                0x00004b58   Data          21  fsl_uart.o(.rodata.str1.1)
    .L.str.1                                 0x00004b6d   Data          50  fsl_uart.o(.rodata.str1.1)
    .L.str.6                                 0x00004b9f   Data          70  fsl_uart.o(.rodata.str1.1)
    .L.str.5                                 0x00004be5   Data          70  fsl_uart.o(.rodata.str1.1)
    .L.str.8                                 0x00004bfc   Data          13  fsl_uart.o(.rodata.str1.1)
    .L.str.5                                 0x00004c2b   Data           5  fsl_adapter_uart.o(.rodata.str1.1)
    [Anonymous Symbol]                       0x00004c2b   Section        0  fsl_adapter_uart.o(.rodata.str1.1)
    .L.str.1                                 0x00004c30   Data          50  fsl_adapter_uart.o(.rodata.str1.1)
    .L.str.14                                0x00004c38   Data          14  fsl_uart.o(.rodata.str1.1)
    .L.str                                   0x00004c62   Data           7  fsl_adapter_uart.o(.rodata.str1.1)
    .L.str.3                                 0x00004c64   Data          69  fsl_adapter_uart.o(.rodata.str1.1)
    .L.str.6                                 0x00004c69   Data           7  fsl_adapter_uart.o(.rodata.str1.1)
    s_fastIrcFreq                            0x20000004   Data           4  fsl_clock.o(.data.s_fastIrcFreq)
    [Anonymous Symbol]                       0x20000004   Section        0  fsl_clock.o(.data.s_fastIrcFreq)
    s_slowIrcFreq                            0x20000008   Data           4  fsl_clock.o(.data.s_slowIrcFreq)
    [Anonymous Symbol]                       0x20000008   Section        0  fsl_clock.o(.data.s_slowIrcFreq)
    uxCriticalNesting                        0x20000034   Data           4  port.o(.data.uxCriticalNesting)
    [Anonymous Symbol]                       0x20000034   Section        0  port.o(.data.uxCriticalNesting)
    prvSampleTimeNow.xLastTime               0x2000008c   Data           4  timers.o(.bss.prvSampleTimeNow.xLastTime)
    [Anonymous Symbol]                       0x2000008c   Section        0  timers.o(.bss.prvSampleTimeNow.xLastTime)
    pxCurrentTimerList                       0x20000094   Data           4  timers.o(.bss.pxCurrentTimerList)
    [Anonymous Symbol]                       0x20000094   Section        0  timers.o(.bss.pxCurrentTimerList)
    pxDelayedTaskList                        0x20000098   Data           4  tasks.o(.bss.pxDelayedTaskList)
    [Anonymous Symbol]                       0x20000098   Section        0  tasks.o(.bss.pxDelayedTaskList)
    pxEnd                                    0x2000009c   Data           4  heap_4.o(.bss.pxEnd)
    [Anonymous Symbol]                       0x2000009c   Section        0  heap_4.o(.bss.pxEnd)
    pxOverflowDelayedTaskList                0x200000a0   Data           4  tasks.o(.bss.pxOverflowDelayedTaskList)
    [Anonymous Symbol]                       0x200000a0   Section        0  tasks.o(.bss.pxOverflowDelayedTaskList)
    pxOverflowTimerList                      0x200000a4   Data           4  timers.o(.bss.pxOverflowTimerList)
    [Anonymous Symbol]                       0x200000a4   Section        0  timers.o(.bss.pxOverflowTimerList)
    pxReadyTasksLists                        0x200000a8   Data         100  tasks.o(.bss.pxReadyTasksLists)
    [Anonymous Symbol]                       0x200000a8   Section        0  tasks.o(.bss.pxReadyTasksLists)
    s_debugConsoleState                      0x20000110   Data          32  fsl_debug_console.o(.bss.s_debugConsoleState)
    [Anonymous Symbol]                       0x20000110   Section        0  fsl_debug_console.o(.bss.s_debugConsoleState)
    ucHeap                                   0x20000178   Data       10240  heap_4.o(.bss.ucHeap)
    [Anonymous Symbol]                       0x20000178   Section        0  heap_4.o(.bss.ucHeap)
    ucMaxSysCallPriority                     0x20002978   Data           1  port.o(.bss.ucMaxSysCallPriority)
    [Anonymous Symbol]                       0x20002978   Section        0  port.o(.bss.ucMaxSysCallPriority)
    ulMaxPRIGROUPValue                       0x2000297c   Data           4  port.o(.bss.ulMaxPRIGROUPValue)
    [Anonymous Symbol]                       0x2000297c   Section        0  port.o(.bss.ulMaxPRIGROUPValue)
    uxCurrentNumberOfTasks                   0x20002980   Data           4  tasks.o(.bss.uxCurrentNumberOfTasks)
    [Anonymous Symbol]                       0x20002980   Section        0  tasks.o(.bss.uxCurrentNumberOfTasks)
    uxDeletedTasksWaitingCleanUp             0x20002984   Data           4  tasks.o(.bss.uxDeletedTasksWaitingCleanUp)
    [Anonymous Symbol]                       0x20002984   Section        0  tasks.o(.bss.uxDeletedTasksWaitingCleanUp)
    uxSchedulerSuspended                     0x20002988   Data           4  tasks.o(.bss.uxSchedulerSuspended)
    [Anonymous Symbol]                       0x20002988   Section        0  tasks.o(.bss.uxSchedulerSuspended)
    uxTaskNumber                             0x2000298c   Data           4  tasks.o(.bss.uxTaskNumber)
    [Anonymous Symbol]                       0x2000298c   Section        0  tasks.o(.bss.uxTaskNumber)
    uxTopReadyPriority                       0x20002990   Data           4  tasks.o(.bss.uxTopReadyPriority)
    [Anonymous Symbol]                       0x20002990   Section        0  tasks.o(.bss.uxTopReadyPriority)
    xActiveTimerList1                        0x20002994   Data          20  timers.o(.bss.xActiveTimerList1)
    [Anonymous Symbol]                       0x20002994   Section        0  timers.o(.bss.xActiveTimerList1)
    xActiveTimerList2                        0x200029a8   Data          20  timers.o(.bss.xActiveTimerList2)
    [Anonymous Symbol]                       0x200029a8   Section        0  timers.o(.bss.xActiveTimerList2)
    xBlockAllocatedBit                       0x200029bc   Data           1  heap_4.o(.bss.xBlockAllocatedBit)
    [Anonymous Symbol]                       0x200029bc   Section        0  heap_4.o(.bss.xBlockAllocatedBit)
    xDelayedTaskList1                        0x200029c0   Data          20  tasks.o(.bss.xDelayedTaskList1)
    [Anonymous Symbol]                       0x200029c0   Section        0  tasks.o(.bss.xDelayedTaskList1)
    xDelayedTaskList2                        0x200029d4   Data          20  tasks.o(.bss.xDelayedTaskList2)
    [Anonymous Symbol]                       0x200029d4   Section        0  tasks.o(.bss.xDelayedTaskList2)
    xFreeBytesRemaining                      0x200029e8   Data           4  heap_4.o(.bss.xFreeBytesRemaining)
    [Anonymous Symbol]                       0x200029e8   Section        0  heap_4.o(.bss.xFreeBytesRemaining)
    xIdleTaskHandle                          0x200029ec   Data           4  tasks.o(.bss.xIdleTaskHandle)
    [Anonymous Symbol]                       0x200029ec   Section        0  tasks.o(.bss.xIdleTaskHandle)
    xMinimumEverFreeBytesRemaining           0x200029f0   Data           4  heap_4.o(.bss.xMinimumEverFreeBytesRemaining)
    [Anonymous Symbol]                       0x200029f0   Section        0  heap_4.o(.bss.xMinimumEverFreeBytesRemaining)
    xNextTaskUnblockTime                     0x200029f4   Data           4  tasks.o(.bss.xNextTaskUnblockTime)
    [Anonymous Symbol]                       0x200029f4   Section        0  tasks.o(.bss.xNextTaskUnblockTime)
    xNumOfOverflows                          0x200029f8   Data           4  tasks.o(.bss.xNumOfOverflows)
    [Anonymous Symbol]                       0x200029f8   Section        0  tasks.o(.bss.xNumOfOverflows)
    xNumberOfSuccessfulAllocations           0x200029fc   Data           4  heap_4.o(.bss.xNumberOfSuccessfulAllocations)
    [Anonymous Symbol]                       0x200029fc   Section        0  heap_4.o(.bss.xNumberOfSuccessfulAllocations)
    xNumberOfSuccessfulFrees                 0x20002a00   Data           4  heap_4.o(.bss.xNumberOfSuccessfulFrees)
    [Anonymous Symbol]                       0x20002a00   Section        0  heap_4.o(.bss.xNumberOfSuccessfulFrees)
    xPendedTicks                             0x20002a04   Data           4  tasks.o(.bss.xPendedTicks)
    [Anonymous Symbol]                       0x20002a04   Section        0  tasks.o(.bss.xPendedTicks)
    xPendingReadyList                        0x20002a08   Data          20  tasks.o(.bss.xPendingReadyList)
    [Anonymous Symbol]                       0x20002a08   Section        0  tasks.o(.bss.xPendingReadyList)
    xSchedulerRunning                        0x20002a5c   Data           4  tasks.o(.bss.xSchedulerRunning)
    [Anonymous Symbol]                       0x20002a5c   Section        0  tasks.o(.bss.xSchedulerRunning)
    xStart                                   0x20002a60   Data           8  heap_4.o(.bss.xStart)
    [Anonymous Symbol]                       0x20002a60   Section        0  heap_4.o(.bss.xStart)
    xSuspendedTaskList                       0x20002a68   Data          20  tasks.o(.bss.xSuspendedTaskList)
    [Anonymous Symbol]                       0x20002a68   Section        0  tasks.o(.bss.xSuspendedTaskList)
    xTasksWaitingTermination                 0x20002a7c   Data          20  tasks.o(.bss.xTasksWaitingTermination)
    [Anonymous Symbol]                       0x20002a7c   Section        0  tasks.o(.bss.xTasksWaitingTermination)
    xTickCount                               0x20002a90   Data           4  tasks.o(.bss.xTickCount)
    [Anonymous Symbol]                       0x20002a90   Section        0  tasks.o(.bss.xTickCount)
    xTimerQueue                              0x20002a94   Data           4  timers.o(.bss.xTimerQueue)
    [Anonymous Symbol]                       0x20002a94   Section        0  timers.o(.bss.xTimerQueue)
    xTimerTaskHandle                         0x20002a98   Data           4  timers.o(.bss.xTimerTaskHandle)
    [Anonymous Symbol]                       0x20002a98   Section        0  timers.o(.bss.xTimerTaskHandle)
    xYieldPending                            0x20002a9c   Data           4  tasks.o(.bss.xYieldPending)
    [Anonymous Symbol]                       0x20002a9c   Section        0  tasks.o(.bss.xYieldPending)
    VTOR                                     0xe000ed08   Number         0  startup_mk64f12.o ABSOLUTE

    Global Symbols

    Symbol Name                              Value     Ov Type        Size  Object(Section)

    BuildAttributes$$THM_ISAv4$E$P$D$K$B$S$7EM$VFPi3$EXTD16$VFPS$VFMA$PE$A:L22UL41UL21$X:L11$S22US41US21$IEEE1$IW$USESV6$~STKCKD$USESV7$~SHL$OTIME$EBA8$MICROLIB$REQ8$PRES8$EABIv2 0x00000000   Number         0  anon$$obj.o ABSOLUTE
    __Vectors                                0x00000000   Number      1024  startup_mk64f12.o(.isr_vector)
    __cpp_initialize__aeabi_                  - Undefined Weak Reference
    __cxa_finalize                            - Undefined Weak Reference
    __decompress                              - Undefined Weak Reference
    _clock_init                               - Undefined Weak Reference
    _microlib_exit                            - Undefined Weak Reference
    __main                                   0x00000411   Thumb Code     0  entry.o(.ARM.Collect$$$$00000000)
    _main_stk                                0x00000411   Thumb Code     0  entry4.o(.ARM.Collect$$$$00000003)
    _main_scatterload                        0x00000415   Thumb Code     0  entry5.o(.ARM.Collect$$$$00000004)
    __main_after_scatterload                 0x00000419   Thumb Code     0  entry5.o(.ARM.Collect$$$$00000004)
    _main_clock                              0x00000419   Thumb Code     0  entry7b.o(.ARM.Collect$$$$00000008)
    _main_cpp_init                           0x00000419   Thumb Code     0  entry8b.o(.ARM.Collect$$$$0000000A)
    _main_init                               0x00000419   Thumb Code     0  entry9a.o(.ARM.Collect$$$$0000000B)
    __rt_final_cpp                           0x00000421   Thumb Code     0  entry10a.o(.ARM.Collect$$$$0000000D)
    __rt_final_exit                          0x00000421   Thumb Code     0  entry11a.o(.ARM.Collect$$$$0000000F)
    Reset_Handler                            0x00000425   Thumb Code    40  startup_mk64f12.o(.text)
    ADC0_IRQHandler                          0x0000044d   Thumb Code     4  startup_mk64f12.o(.text)
    ADC1_IRQHandler                          0x0000044d   Thumb Code     4  startup_mk64f12.o(.text)
    BusFault_Handler                         0x0000044d   Thumb Code     4  startup_mk64f12.o(.text)
    CAN0_DriverIRQHandler                    0x0000044d   Thumb Code     4  startup_mk64f12.o(.text)
    CMP0_IRQHandler                          0x0000044d   Thumb Code     4  startup_mk64f12.o(.text)
    CMP1_IRQHandler                          0x0000044d   Thumb Code     4  startup_mk64f12.o(.text)
    CMP2_IRQHandler                          0x0000044d   Thumb Code     4  startup_mk64f12.o(.text)
    CMT_IRQHandler                           0x0000044d   Thumb Code     4  startup_mk64f12.o(.text)
    DAC0_IRQHandler                          0x0000044d   Thumb Code     4  startup_mk64f12.o(.text)
    DAC1_IRQHandler                          0x0000044d   Thumb Code     4  startup_mk64f12.o(.text)
    DMA0_DriverIRQHandler                    0x0000044d   Thumb Code     4  startup_mk64f12.o(.text)
    DMA10_DriverIRQHandler                   0x0000044d   Thumb Code     4  startup_mk64f12.o(.text)
    DMA11_DriverIRQHandler                   0x0000044d   Thumb Code     4  startup_mk64f12.o(.text)
    DMA12_DriverIRQHandler                   0x0000044d   Thumb Code     4  startup_mk64f12.o(.text)
    DMA13_DriverIRQHandler                   0x0000044d   Thumb Code     4  startup_mk64f12.o(.text)
    DMA14_DriverIRQHandler                   0x0000044d   Thumb Code     4  startup_mk64f12.o(.text)
    DMA15_DriverIRQHandler                   0x0000044d   Thumb Code     4  startup_mk64f12.o(.text)
    DMA1_DriverIRQHandler                    0x0000044d   Thumb Code     4  startup_mk64f12.o(.text)
    DMA2_DriverIRQHandler                    0x0000044d   Thumb Code     4  startup_mk64f12.o(.text)
    DMA3_DriverIRQHandler                    0x0000044d   Thumb Code     4  startup_mk64f12.o(.text)
    DMA4_DriverIRQHandler                    0x0000044d   Thumb Code     4  startup_mk64f12.o(.text)
    DMA5_DriverIRQHandler                    0x0000044d   Thumb Code     4  startup_mk64f12.o(.text)
    DMA6_DriverIRQHandler                    0x0000044d   Thumb Code     4  startup_mk64f12.o(.text)
    DMA7_DriverIRQHandler                    0x0000044d   Thumb Code     4  startup_mk64f12.o(.text)
    DMA8_DriverIRQHandler                    0x0000044d   Thumb Code     4  startup_mk64f12.o(.text)
    DMA9_DriverIRQHandler                    0x0000044d   Thumb Code     4  startup_mk64f12.o(.text)
    DMA_Error_DriverIRQHandler               0x0000044d   Thumb Code     4  startup_mk64f12.o(.text)
    DebugMon_Handler                         0x0000044d   Thumb Code     4  startup_mk64f12.o(.text)
    DefaultISR                               0x0000044d   Thumb Code     4  startup_mk64f12.o(.text)
    ENET_1588_Timer_DriverIRQHandler         0x0000044d   Thumb Code     4  startup_mk64f12.o(.text)
    ENET_Error_DriverIRQHandler              0x0000044d   Thumb Code     4  startup_mk64f12.o(.text)
    ENET_Receive_DriverIRQHandler            0x0000044d   Thumb Code     4  startup_mk64f12.o(.text)
    ENET_Transmit_DriverIRQHandler           0x0000044d   Thumb Code     4  startup_mk64f12.o(.text)
    FTFE_IRQHandler                          0x0000044d   Thumb Code     4  startup_mk64f12.o(.text)
    FTM0_IRQHandler                          0x0000044d   Thumb Code     4  startup_mk64f12.o(.text)
    FTM1_IRQHandler                          0x0000044d   Thumb Code     4  startup_mk64f12.o(.text)
    FTM2_IRQHandler                          0x0000044d   Thumb Code     4  startup_mk64f12.o(.text)
    FTM3_IRQHandler                          0x0000044d   Thumb Code     4  startup_mk64f12.o(.text)
    I2C0_DriverIRQHandler                    0x0000044d   Thumb Code     4  startup_mk64f12.o(.text)
    I2C1_DriverIRQHandler                    0x0000044d   Thumb Code     4  startup_mk64f12.o(.text)
    I2C2_DriverIRQHandler                    0x0000044d   Thumb Code     4  startup_mk64f12.o(.text)
    I2S0_Rx_DriverIRQHandler                 0x0000044d   Thumb Code     4  startup_mk64f12.o(.text)
    I2S0_Tx_DriverIRQHandler                 0x0000044d   Thumb Code     4  startup_mk64f12.o(.text)
    LLWU_IRQHandler                          0x0000044d   Thumb Code     4  startup_mk64f12.o(.text)
    LPTMR0_IRQHandler                        0x0000044d   Thumb Code     4  startup_mk64f12.o(.text)
    LVD_LVW_IRQHandler                       0x0000044d   Thumb Code     4  startup_mk64f12.o(.text)
    MCG_IRQHandler                           0x0000044d   Thumb Code     4  startup_mk64f12.o(.text)
    MCM_IRQHandler                           0x0000044d   Thumb Code     4  startup_mk64f12.o(.text)
    MemManage_Handler                        0x0000044d   Thumb Code     4  startup_mk64f12.o(.text)
    PDB0_IRQHandler                          0x0000044d   Thumb Code     4  startup_mk64f12.o(.text)
    PIT0_IRQHandler                          0x0000044d   Thumb Code     4  startup_mk64f12.o(.text)
    PIT1_IRQHandler                          0x0000044d   Thumb Code     4  startup_mk64f12.o(.text)
    PIT2_IRQHandler                          0x0000044d   Thumb Code     4  startup_mk64f12.o(.text)
    PIT3_IRQHandler                          0x0000044d   Thumb Code     4  startup_mk64f12.o(.text)
    PORTA_IRQHandler                         0x0000044d   Thumb Code     4  startup_mk64f12.o(.text)
    PORTB_IRQHandler                         0x0000044d   Thumb Code     4  startup_mk64f12.o(.text)
    PORTC_IRQHandler                         0x0000044d   Thumb Code     4  startup_mk64f12.o(.text)
    PORTD_IRQHandler                         0x0000044d   Thumb Code     4  startup_mk64f12.o(.text)
    PORTE_IRQHandler                         0x0000044d   Thumb Code     4  startup_mk64f12.o(.text)
    RNG_IRQHandler                           0x0000044d   Thumb Code     4  startup_mk64f12.o(.text)
    RTC_IRQHandler                           0x0000044d   Thumb Code     4  startup_mk64f12.o(.text)
    RTC_Seconds_IRQHandler                   0x0000044d   Thumb Code     4  startup_mk64f12.o(.text)
    Read_Collision_IRQHandler                0x0000044d   Thumb Code     4  startup_mk64f12.o(.text)
    Reserved71_IRQHandler                    0x0000044d   Thumb Code     4  startup_mk64f12.o(.text)
    SDHC_DriverIRQHandler                    0x0000044d   Thumb Code     4  startup_mk64f12.o(.text)
    SPI0_DriverIRQHandler                    0x0000044d   Thumb Code     4  startup_mk64f12.o(.text)
    SPI1_DriverIRQHandler                    0x0000044d   Thumb Code     4  startup_mk64f12.o(.text)
    SPI2_DriverIRQHandler                    0x0000044d   Thumb Code     4  startup_mk64f12.o(.text)
    SWI_IRQHandler                           0x0000044d   Thumb Code     4  startup_mk64f12.o(.text)
    UART0_ERR_DriverIRQHandler               0x0000044d   Thumb Code     4  startup_mk64f12.o(.text)
    UART0_LON_DriverIRQHandler               0x0000044d   Thumb Code     4  startup_mk64f12.o(.text)
    UART1_ERR_DriverIRQHandler               0x0000044d   Thumb Code     4  startup_mk64f12.o(.text)
    UART2_ERR_DriverIRQHandler               0x0000044d   Thumb Code     4  startup_mk64f12.o(.text)
    UART3_ERR_DriverIRQHandler               0x0000044d   Thumb Code     4  startup_mk64f12.o(.text)
    UART4_ERR_DriverIRQHandler               0x0000044d   Thumb Code     4  startup_mk64f12.o(.text)
    UART5_ERR_DriverIRQHandler               0x0000044d   Thumb Code     4  startup_mk64f12.o(.text)
    USB0_IRQHandler                          0x0000044d   Thumb Code     4  startup_mk64f12.o(.text)
    USBDCD_IRQHandler                        0x0000044d   Thumb Code     4  startup_mk64f12.o(.text)
    UsageFault_Handler                       0x0000044d   Thumb Code     4  startup_mk64f12.o(.text)
    WDOG_EWM_IRQHandler                      0x0000044d   Thumb Code     4  startup_mk64f12.o(.text)
    NMI_Handler                              0x00000451   Thumb Code     4  startup_mk64f12.o(.text)
    HardFault_Handler                        0x00000455   Thumb Code     4  startup_mk64f12.o(.text)
    DMA0_IRQHandler                          0x00000465   Thumb Code     4  startup_mk64f12.o(.text)
    DMA1_IRQHandler                          0x00000469   Thumb Code     4  startup_mk64f12.o(.text)
    DMA2_IRQHandler                          0x0000046d   Thumb Code     4  startup_mk64f12.o(.text)
    DMA3_IRQHandler                          0x00000471   Thumb Code     4  startup_mk64f12.o(.text)
    DMA4_IRQHandler                          0x00000475   Thumb Code     4  startup_mk64f12.o(.text)
    DMA5_IRQHandler                          0x00000479   Thumb Code     4  startup_mk64f12.o(.text)
    DMA6_IRQHandler                          0x0000047d   Thumb Code     4  startup_mk64f12.o(.text)
    DMA7_IRQHandler                          0x00000481   Thumb Code     4  startup_mk64f12.o(.text)
    DMA8_IRQHandler                          0x00000485   Thumb Code     4  startup_mk64f12.o(.text)
    DMA9_IRQHandler                          0x00000489   Thumb Code     4  startup_mk64f12.o(.text)
    DMA10_IRQHandler                         0x0000048d   Thumb Code     4  startup_mk64f12.o(.text)
    DMA11_IRQHandler                         0x00000491   Thumb Code     4  startup_mk64f12.o(.text)
    DMA12_IRQHandler                         0x00000495   Thumb Code     4  startup_mk64f12.o(.text)
    DMA13_IRQHandler                         0x00000499   Thumb Code     4  startup_mk64f12.o(.text)
    DMA14_IRQHandler                         0x0000049d   Thumb Code     4  startup_mk64f12.o(.text)
    DMA15_IRQHandler                         0x000004a1   Thumb Code     4  startup_mk64f12.o(.text)
    DMA_Error_IRQHandler                     0x000004a5   Thumb Code     4  startup_mk64f12.o(.text)
    I2C0_IRQHandler                          0x000004a9   Thumb Code     4  startup_mk64f12.o(.text)
    I2C1_IRQHandler                          0x000004ad   Thumb Code     4  startup_mk64f12.o(.text)
    SPI0_IRQHandler                          0x000004b1   Thumb Code     4  startup_mk64f12.o(.text)
    SPI1_IRQHandler                          0x000004b5   Thumb Code     4  startup_mk64f12.o(.text)
    I2S0_Tx_IRQHandler                       0x000004b9   Thumb Code     4  startup_mk64f12.o(.text)
    I2S0_Rx_IRQHandler                       0x000004bd   Thumb Code     4  startup_mk64f12.o(.text)
    UART0_LON_IRQHandler                     0x000004c1   Thumb Code     4  startup_mk64f12.o(.text)
    UART0_RX_TX_IRQHandler                   0x000004c5   Thumb Code     4  startup_mk64f12.o(.text)
    UART0_ERR_IRQHandler                     0x000004c9   Thumb Code     4  startup_mk64f12.o(.text)
    UART1_RX_TX_IRQHandler                   0x000004cd   Thumb Code     4  startup_mk64f12.o(.text)
    UART1_ERR_IRQHandler                     0x000004d1   Thumb Code     4  startup_mk64f12.o(.text)
    UART2_RX_TX_IRQHandler                   0x000004d5   Thumb Code     4  startup_mk64f12.o(.text)
    UART2_ERR_IRQHandler                     0x000004d9   Thumb Code     4  startup_mk64f12.o(.text)
    UART3_RX_TX_IRQHandler                   0x000004dd   Thumb Code     4  startup_mk64f12.o(.text)
    UART3_ERR_IRQHandler                     0x000004e1   Thumb Code     4  startup_mk64f12.o(.text)
    SPI2_IRQHandler                          0x000004e5   Thumb Code     4  startup_mk64f12.o(.text)
    UART4_RX_TX_IRQHandler                   0x000004e9   Thumb Code     4  startup_mk64f12.o(.text)
    UART4_ERR_IRQHandler                     0x000004ed   Thumb Code     4  startup_mk64f12.o(.text)
    UART5_RX_TX_IRQHandler                   0x000004f1   Thumb Code     4  startup_mk64f12.o(.text)
    UART5_ERR_IRQHandler                     0x000004f5   Thumb Code     4  startup_mk64f12.o(.text)
    I2C2_IRQHandler                          0x000004f9   Thumb Code     4  startup_mk64f12.o(.text)
    CAN0_ORed_Message_buffer_IRQHandler      0x000004fd   Thumb Code     4  startup_mk64f12.o(.text)
    CAN0_Bus_Off_IRQHandler                  0x00000501   Thumb Code     4  startup_mk64f12.o(.text)
    CAN0_Error_IRQHandler                    0x00000505   Thumb Code     4  startup_mk64f12.o(.text)
    CAN0_Tx_Warning_IRQHandler               0x00000509   Thumb Code     4  startup_mk64f12.o(.text)
    CAN0_Rx_Warning_IRQHandler               0x0000050d   Thumb Code     4  startup_mk64f12.o(.text)
    CAN0_Wake_Up_IRQHandler                  0x00000511   Thumb Code     4  startup_mk64f12.o(.text)
    SDHC_IRQHandler                          0x00000515   Thumb Code     4  startup_mk64f12.o(.text)
    ENET_1588_Timer_IRQHandler               0x00000519   Thumb Code     4  startup_mk64f12.o(.text)
    ENET_Transmit_IRQHandler                 0x0000051d   Thumb Code     4  startup_mk64f12.o(.text)
    ENET_Receive_IRQHandler                  0x00000521   Thumb Code     4  startup_mk64f12.o(.text)
    ENET_Error_IRQHandler                    0x00000525   Thumb Code     4  startup_mk64f12.o(.text)
    ___aeabi_memcpy4$ret                     0x00000601   Thumb Code     0  memcpy.o(.text)
    ___aeabi_memcpy8$ret                     0x00000601   Thumb Code     0  memcpy.o(.text)
    __aeabi_memcpy                           0x00000601   Thumb Code    40  memcpy.o(.text)
    memcpy                                   0x00000601   Thumb Code     0  memcpy.o(.text)
    __aeabi_memset                           0x00000629   Thumb Code    14  memseta.o(.text)
    __aeabi_memset4                          0x00000629   Thumb Code     0  memseta.o(.text)
    __aeabi_memset8                          0x00000629   Thumb Code     0  memseta.o(.text)
    __aeabi_memclr                           0x00000637   Thumb Code     4  memseta.o(.text)
    __aeabi_memclr4                          0x00000637   Thumb Code     0  memseta.o(.text)
    __aeabi_memclr8                          0x00000637   Thumb Code     0  memseta.o(.text)
    memset                                   0x0000063b   Thumb Code    18  memseta.o(.text)
    strlen                                   0x0000064d   Thumb Code    14  strlen.o(.text)
    __scatterload                            0x0000065d   Thumb Code    28  init.o(.text)
    __scatterload_rt2                        0x0000065d   Thumb Code     0  init.o(.text)
    BOARD_BootClockRUN                       0x00000681   Thumb Code    88  clock_config.o(.text.BOARD_BootClockRUN)
    BOARD_InitBootClocks                     0x000006d9   Thumb Code     8  clock_config.o(.text.BOARD_InitBootClocks)
    BOARD_InitBootPins                       0x000006e1   Thumb Code     8  pin_mux.o(.text.BOARD_InitBootPins)
    BOARD_InitPins                           0x000006e9   Thumb Code    36  pin_mux.o(.text.BOARD_InitPins)
    CLOCK_BootToPeeMode                      0x0000070d   Thumb Code    74  fsl_clock.o(.text.CLOCK_BootToPeeMode)
    CLOCK_EnablePll0                         0x000007bd   Thumb Code    80  fsl_clock.o(.text.CLOCK_EnablePll0)
    CLOCK_GetEr32kClkFreq                    0x0000080d   Thumb Code    92  fsl_clock.o(.text.CLOCK_GetEr32kClkFreq)
    CLOCK_GetFixedFreqClkFreq                0x00000879   Thumb Code    30  fsl_clock.o(.text.CLOCK_GetFixedFreqClkFreq)
    CLOCK_GetFllFreq                         0x000008fd   Thumb Code    64  fsl_clock.o(.text.CLOCK_GetFllFreq)
    CLOCK_GetFreq                            0x00000971   Thumb Code   184  fsl_clock.o(.text.CLOCK_GetFreq)
    CLOCK_GetInternalRefClkFreq              0x00000a29   Thumb Code    24  fsl_clock.o(.text.CLOCK_GetInternalRefClkFreq)
    CLOCK_GetOsc0ErClkFreq                   0x00000b05   Thumb Code    60  fsl_clock.o(.text.CLOCK_GetOsc0ErClkFreq)
    CLOCK_GetOutClkFreq                      0x00000b6d   Thumb Code    48  fsl_clock.o(.text.CLOCK_GetOutClkFreq)
    CLOCK_GetPll0Freq                        0x00000b9d   Thumb Code    68  fsl_clock.o(.text.CLOCK_GetPll0Freq)
    CLOCK_GetPllFllSelClkFreq                0x00000bf5   Thumb Code    52  fsl_clock.o(.text.CLOCK_GetPllFllSelClkFreq)
    CLOCK_InitOsc0                           0x00000c29   Thumb Code    88  fsl_clock.o(.text.CLOCK_InitOsc0)
    CLOCK_SetExternalRefClkConfig            0x00000c95   Thumb Code    58  fsl_clock.o(.text.CLOCK_SetExternalRefClkConfig)
    CLOCK_SetInternalRefClkConfig            0x00000cd1   Thumb Code   146  fsl_clock.o(.text.CLOCK_SetInternalRefClkConfig)
    CLOCK_SetPbeMode                         0x00000d65   Thumb Code   114  fsl_clock.o(.text.CLOCK_SetPbeMode)
    CLOCK_SetSimConfig                       0x00000ded   Thumb Code    30  fsl_clock.o(.text.CLOCK_SetSimConfig)
    DbgConsole_Printf                        0x00000ec1   Thumb Code    32  fsl_debug_console.o(.text.DbgConsole_Printf)
    DbgConsole_SendDataReliable              0x00000ee1   Thumb Code    62  fsl_debug_console.o(.text.DbgConsole_SendDataReliable)
    DbgConsole_Vprintf                       0x00000f21   Thumb Code    66  fsl_debug_console.o(.text.DbgConsole_Vprintf)
    HAL_UartSendBlocking                     0x00000f8d   Thumb Code   102  fsl_adapter_uart.o(.text.HAL_UartSendBlocking)
    PendSV_Handler                           0x00001041   Thumb Code   100  port.o(.text.PendSV_Handler)
    SVC_Handler                              0x00001201   Thumb Code    36  port.o(.text.SVC_Handler)
    SerialManager_WriteBlocking              0x0000125d   Thumb Code     8  fsl_component_serial_manager.o(.text.SerialManager_WriteBlocking)
    Serial_UartWrite                         0x00001265   Thumb Code    26  fsl_component_serial_port_uart.o(.text.Serial_UartWrite)
    StrFormatPrintf                          0x00001281   Thumb Code   392  fsl_str.o(.text.StrFormatPrintf)
    SysTick_Handler                          0x00001409   Thumb Code    46  port.o(.text.SysTick_Handler)
    SystemInit                               0x00001439   Thumb Code    52  system_mk64f12.o(.text.SystemInit)
    SystemInitHook                           0x0000146d   Thumb Code     2  system_mk64f12.o(.text.SystemInitHook)
    UART0_DriverIRQHandler                   0x00001471   Thumb Code    38  fsl_uart.o(.text.UART0_DriverIRQHandler)
    UART0_RX_TX_DriverIRQHandler             0x00001499   Thumb Code    12  fsl_uart.o(.text.UART0_RX_TX_DriverIRQHandler)
    UART1_DriverIRQHandler                   0x000014a5   Thumb Code    38  fsl_uart.o(.text.UART1_DriverIRQHandler)
    UART1_RX_TX_DriverIRQHandler             0x000014cd   Thumb Code    12  fsl_uart.o(.text.UART1_RX_TX_DriverIRQHandler)
    UART2_DriverIRQHandler                   0x000014d9   Thumb Code    38  fsl_uart.o(.text.UART2_DriverIRQHandler)
    UART2_RX_TX_DriverIRQHandler             0x00001501   Thumb Code    12  fsl_uart.o(.text.UART2_RX_TX_DriverIRQHandler)
    UART3_DriverIRQHandler                   0x0000150d   Thumb Code    38  fsl_uart.o(.text.UART3_DriverIRQHandler)
    UART3_RX_TX_DriverIRQHandler             0x00001535   Thumb Code    12  fsl_uart.o(.text.UART3_RX_TX_DriverIRQHandler)
    UART4_DriverIRQHandler                   0x00001541   Thumb Code    38  fsl_uart.o(.text.UART4_DriverIRQHandler)
    UART4_RX_TX_DriverIRQHandler             0x00001569   Thumb Code    12  fsl_uart.o(.text.UART4_RX_TX_DriverIRQHandler)
    UART5_DriverIRQHandler                   0x00001575   Thumb Code    38  fsl_uart.o(.text.UART5_DriverIRQHandler)
    UART5_RX_TX_DriverIRQHandler             0x0000159d   Thumb Code    12  fsl_uart.o(.text.UART5_RX_TX_DriverIRQHandler)
    UART_ClearStatusFlags                    0x000015a9   Thumb Code    54  fsl_uart.o(.text.UART_ClearStatusFlags)
    UART_Deinit                              0x000015e1   Thumb Code    44  fsl_uart.o(.text.UART_Deinit)
    UART_GetDefaultConfig                    0x00001625   Thumb Code    56  fsl_uart.o(.text.UART_GetDefaultConfig)
    UART_GetInstance                         0x0000165d   Thumb Code    40  fsl_uart.o(.text.UART_GetInstance)
    UART_GetStatusFlags                      0x000016b9   Thumb Code    22  fsl_uart.o(.text.UART_GetStatusFlags)
    UART_Init                                0x000016d1   Thumb Code   428  fsl_uart.o(.text.UART_Init)
    UART_RTOS_Deinit                         0x00001921   Thumb Code    68  fsl_uart_freertos.o(.text.UART_RTOS_Deinit)
    UART_RTOS_Init                           0x00001965   Thumb Code   250  fsl_uart_freertos.o(.text.UART_RTOS_Init)
    UART_RTOS_Receive                        0x00001a61   Thumb Code   226  fsl_uart_freertos.o(.text.UART_RTOS_Receive)
    UART_RTOS_Send                           0x00001b45   Thumb Code   128  fsl_uart_freertos.o(.text.UART_RTOS_Send)
    UART_TransferAbortReceive                0x00001bf5   Thumb Code    86  fsl_uart.o(.text.UART_TransferAbortReceive)
    UART_TransferCreateHandle                0x00001c4d   Thumb Code   120  fsl_uart.o(.text.UART_TransferCreateHandle)
    UART_TransferGetRxRingBufferLength       0x00001cc5   Thumb Code    40  fsl_uart.o(.text.UART_TransferGetRxRingBufferLength)
    UART_TransferHandleIRQ                   0x00001ced   Thumb Code  1032  fsl_uart.o(.text.UART_TransferHandleIRQ)
    UART_TransferReceiveNonBlocking          0x00002139   Thumb Code   404  fsl_uart.o(.text.UART_TransferReceiveNonBlocking)
    UART_TransferSendNonBlocking             0x000022e5   Thumb Code   152  fsl_uart.o(.text.UART_TransferSendNonBlocking)
    UART_TransferStartRingBuffer             0x00002395   Thumb Code   100  fsl_uart.o(.text.UART_TransferStartRingBuffer)
    UART_WriteBlocking                       0x0000240d   Thumb Code    34  fsl_uart.o(.text.UART_WriteBlocking)
    __aeabi_assert                           0x00002491   Thumb Code    16  fsl_assert.o(.text.__aeabi_assert)
    main                                     0x000024cd   Thumb Code    64  freertos_uart.o(.text.main)
    pvPortMalloc                             0x00002f05   Thumb Code   334  heap_4.o(.text.pvPortMalloc)
    pvTaskIncrementMutexHeldCount            0x00003055   Thumb Code    24  tasks.o(.text.pvTaskIncrementMutexHeldCount)
    pxPortInitialiseStack                    0x0000306d   Thumb Code    40  port.o(.text.pxPortInitialiseStack)
    uxListRemove                             0x000031a5   Thumb Code    36  list.o(.text.uxListRemove)
    uxTaskResetEventItemValue                0x000031c9   Thumb Code    26  tasks.o(.text.uxTaskResetEventItemValue)
    vEventGroupDelete                        0x000031e5   Thumb Code    66  event_groups.o(.text.vEventGroupDelete)
    vEventGroupSetBitsCallback               0x00003229   Thumb Code     8  event_groups.o(.text.vEventGroupSetBitsCallback)
    vListInitialise                          0x00003231   Thumb Code    22  list.o(.text.vListInitialise)
    vListInitialiseItem                      0x00003249   Thumb Code     6  list.o(.text.vListInitialiseItem)
    vListInsert                              0x00003251   Thumb Code    58  list.o(.text.vListInsert)
    vListInsertEnd                           0x0000328d   Thumb Code    28  list.o(.text.vListInsertEnd)
    vPortEnterCritical                       0x000032bd   Thumb Code    70  port.o(.text.vPortEnterCritical)
    vPortExitCritical                        0x00003305   Thumb Code    46  port.o(.text.vPortExitCritical)
    vPortFree                                0x00003335   Thumb Code   138  heap_4.o(.text.vPortFree)
    vPortSetupTimerInterrupt                 0x000033c1   Thumb Code    52  port.o(.text.vPortSetupTimerInterrupt)
    vPortValidateInterruptPriority           0x000033f5   Thumb Code    98  port.o(.text.vPortValidateInterruptPriority)
    vQueueAddToRegistry                      0x00003459   Thumb Code    40  queue.o(.text.vQueueAddToRegistry)
    vQueueDelete                             0x00003481   Thumb Code    38  queue.o(.text.vQueueDelete)
    vQueueUnregisterQueue                    0x000034a9   Thumb Code    42  queue.o(.text.vQueueUnregisterQueue)
    vQueueWaitForMessageRestricted           0x000034d5   Thumb Code    68  queue.o(.text.vQueueWaitForMessageRestricted)
    vTaskInternalSetTimeOutState             0x00003519   Thumb Code    26  tasks.o(.text.vTaskInternalSetTimeOutState)
    vTaskMissedYield                         0x00003535   Thumb Code    14  tasks.o(.text.vTaskMissedYield)
    vTaskPlaceOnEventList                    0x00003545   Thumb Code    50  tasks.o(.text.vTaskPlaceOnEventList)
    vTaskPlaceOnEventListRestricted          0x00003579   Thumb Code    62  tasks.o(.text.vTaskPlaceOnEventListRestricted)
    vTaskPlaceOnUnorderedEventList           0x000035b9   Thumb Code    90  tasks.o(.text.vTaskPlaceOnUnorderedEventList)
    vTaskPriorityDisinheritAfterTimeout      0x00003615   Thumb Code   186  tasks.o(.text.vTaskPriorityDisinheritAfterTimeout)
    vTaskRemoveFromUnorderedEventList        0x000036d1   Thumb Code   150  tasks.o(.text.vTaskRemoveFromUnorderedEventList)
    vTaskStartScheduler                      0x00003769   Thumb Code   148  tasks.o(.text.vTaskStartScheduler)
    vTaskSuspend                             0x00003805   Thumb Code   248  tasks.o(.text.vTaskSuspend)
    vTaskSuspendAll                          0x000038fd   Thumb Code    16  tasks.o(.text.vTaskSuspendAll)
    vTaskSwitchContext                       0x0000390d   Thumb Code   134  tasks.o(.text.vTaskSwitchContext)
    xEventGroupClearBits                     0x00003995   Thumb Code    72  event_groups.o(.text.xEventGroupClearBits)
    xEventGroupCreate                        0x000039dd   Thumb Code    28  event_groups.o(.text.xEventGroupCreate)
    xEventGroupSetBits                       0x000039f9   Thumb Code   158  event_groups.o(.text.xEventGroupSetBits)
    xEventGroupSetBitsFromISR                0x00003a99   Thumb Code    22  event_groups.o(.text.xEventGroupSetBitsFromISR)
    xEventGroupWaitBits                      0x00003ab1   Thumb Code   288  event_groups.o(.text.xEventGroupWaitBits)
    xPortStartScheduler                      0x00003bd1   Thumb Code   274  port.o(.text.xPortStartScheduler)
    xQueueCreateMutex                        0x00003ce5   Thumb Code    22  queue.o(.text.xQueueCreateMutex)
    xQueueGenericCreate                      0x00003cfd   Thumb Code   112  queue.o(.text.xQueueGenericCreate)
    xQueueGenericReset                       0x00003d6d   Thumb Code   126  queue.o(.text.xQueueGenericReset)
    xQueueGenericSend                        0x00003ded   Thumb Code   418  queue.o(.text.xQueueGenericSend)
    xQueueGenericSendFromISR                 0x00003f91   Thumb Code   232  queue.o(.text.xQueueGenericSendFromISR)
    xQueueReceive                            0x00004079   Thumb Code   388  queue.o(.text.xQueueReceive)
    xQueueSemaphoreTake                      0x000041fd   Thumb Code   454  queue.o(.text.xQueueSemaphoreTake)
    xTaskCheckForTimeOut                     0x000043c5   Thumb Code   140  tasks.o(.text.xTaskCheckForTimeOut)
    xTaskCreate                              0x00004451   Thumb Code    96  tasks.o(.text.xTaskCreate)
    xTaskGetSchedulerState                   0x000044b1   Thumb Code    38  tasks.o(.text.xTaskGetSchedulerState)
    xTaskGetTickCount                        0x000044d9   Thumb Code    12  tasks.o(.text.xTaskGetTickCount)
    xTaskIncrementTick                       0x000044e5   Thumb Code   328  tasks.o(.text.xTaskIncrementTick)
    xTaskPriorityDisinherit                  0x0000462d   Thumb Code   170  tasks.o(.text.xTaskPriorityDisinherit)
    xTaskPriorityInherit                     0x000046d9   Thumb Code   170  tasks.o(.text.xTaskPriorityInherit)
    xTaskRemoveFromEventList                 0x00004785   Thumb Code   144  tasks.o(.text.xTaskRemoveFromEventList)
    xTaskResumeAll                           0x00004815   Thumb Code   280  tasks.o(.text.xTaskResumeAll)
    xTimerCreateTimerTask                    0x0000492d   Thumb Code    88  timers.o(.text.xTimerCreateTimerTask)
    xTimerGenericCommand                     0x0000498d   Thumb Code   104  timers.o(.text.xTimerGenericCommand)
    xTimerPendFunctionCallFromISR            0x000049f5   Thumb Code    42  timers.o(.text.xTimerPendFunctionCallFromISR)
    __scatterload_copy                       0x00004a1f   Thumb Code    14  handlers.o(i.__scatterload_copy)
    __scatterload_null                       0x00004a2d   Thumb Code     2  handlers.o(i.__scatterload_null)
    __scatterload_zeroinit                   0x00004a2f   Thumb Code    14  handlers.o(i.__scatterload_zeroinit)
    mcgConfig_BOARD_BootClockRUN             0x00004a3c   Data          11  clock_config.o(.rodata.mcgConfig_BOARD_BootClockRUN)
    oscConfig_BOARD_BootClockRUN             0x00004a48   Data           8  clock_config.o(.rodata.oscConfig_BOARD_BootClockRUN)
    s_uartIRQ                                0x00004a80   Data           6  fsl_uart.o(.rodata.s_uartIRQ)
    simConfig_BOARD_BootClockRUN             0x00004a88   Data           8  clock_config.o(.rodata.simConfig_BOARD_BootClockRUN)
    uxTopUsedPriority                        0x00004c70   Data           4  tasks.o(.rodata.uxTopUsedPriority)
    Region$$Table$$Base                      0x00004c74   Number         0  anon$$obj.o(Region$$Table)
    Region$$Table$$Limit                     0x00004c94   Number         0  anon$$obj.o(Region$$Table)
    SystemCoreClock                          0x20000000   Data           4  system_mk64f12.o(.data.SystemCoreClock)
    s_uartIsr                                0x2000000c   Data           4  fsl_uart.o(.data.s_uartIsr)
    send_hardware_overrun                    0x20000010   Data           4  freertos_uart.o(.data.send_hardware_overrun)
    send_ring_overrun                        0x20000014   Data           4  freertos_uart.o(.data.send_ring_overrun)
    to_send                                  0x20000018   Data           4  freertos_uart.o(.data.to_send)
    uart_config                              0x2000001c   Data          24  freertos_uart.o(.data.uart_config)
    background_buffer                        0x20000038   Data          32  freertos_uart.o(.bss.background_buffer)
    g_serialHandle                           0x20000058   Data           4  fsl_debug_console.o(.bss.g_serialHandle)
    g_xtal0Freq                              0x2000005c   Data           4  fsl_clock.o(.bss.g_xtal0Freq)
    g_xtal32Freq                             0x20000060   Data           4  fsl_clock.o(.bss.g_xtal32Freq)
    handle                                   0x20000064   Data          40  freertos_uart.o(.bss.handle)
    pxCurrentTCB                             0x20000090   Data           4  tasks.o(.bss.pxCurrentTCB)
    recv_buffer                              0x2000010c   Data           4  freertos_uart.o(.bss.recv_buffer)
    s_uartHandle                             0x20000130   Data          24  fsl_uart.o(.bss.s_uartHandle)
    t_handle                                 0x20000148   Data          48  freertos_uart.o(.bss.t_handle)
    xQueueRegistry                           0x20002a1c   Data          64  queue.o(.bss.xQueueRegistry)
    Image$$ARM_LIB_HEAP$$ZI$$Base            0x20002aa0   Number         0  anon$$obj.o ABSOLUTE
    Image$$ARM_LIB_HEAP$$ZI$$Limit           0x20002ea0   Number         0  anon$$obj.o ABSOLUTE
    Image$$ARM_LIB_STACK$$ZI$$Limit          0x20030000   Number         0  anon$$obj.o ABSOLUTE



==============================================================================

Memory Map of the image

  Image Entry point : 0x00000425

  Load Region LR_m_text (Base: 0x00000000, Size: 0x00004ccc, Max: 0x00100000, ABSOLUTE)

    Execution Region VECTOR_ROM (Exec base: 0x00000000, Load base: 0x00000000, Size: 0x00000400, Max: 0x00000400, ABSOLUTE)

    Exec Addr    Load Addr    Size         Type   Attr      Idx    E Section Name        Object

    0x00000000   0x00000000   0x00000400   Data   RO          868    .isr_vector         startup_mk64f12.o


    Execution Region ER_m_flash_config (Exec base: 0x00000400, Load base: 0x00000400, Size: 0x00000010, Max: 0x00000010, ABSOLUTE, FIXED)

    Exec Addr    Load Addr    Size         Type   Attr      Idx    E Section Name        Object

    0x00000400   0x00000400   0x00000010   Data   RO          869    .FlashConfig        startup_mk64f12.o


    Execution Region ER_m_text (Exec base: 0x00000410, Load base: 0x00000410, Size: 0x00004884, Max: 0x000ffbf0, ABSOLUTE)

    Exec Addr    Load Addr    Size         Type   Attr      Idx    E Section Name        Object

    0x00000410   0x00000410   0x00000000   Code   RO         1323  * .ARM.Collect$$$$00000000  mc_w.l(entry.o)
    0x00000410   0x00000410   0x00000004   Code   RO         1375    .ARM.Collect$$$$00000003  mc_w.l(entry4.o)
    0x00000414   0x00000414   0x00000004   Code   RO         1378    .ARM.Collect$$$$00000004  mc_w.l(entry5.o)
    0x00000418   0x00000418   0x00000000   Code   RO         1380    .ARM.Collect$$$$00000008  mc_w.l(entry7b.o)
    0x00000418   0x00000418   0x00000000   Code   RO         1382    .ARM.Collect$$$$0000000A  mc_w.l(entry8b.o)
    0x00000418   0x00000418   0x00000008   Code   RO         1383    .ARM.Collect$$$$0000000B  mc_w.l(entry9a.o)
    0x00000420   0x00000420   0x00000000   Code   RO         1385    .ARM.Collect$$$$0000000D  mc_w.l(entry10a.o)
    0x00000420   0x00000420   0x00000000   Code   RO         1387    .ARM.Collect$$$$0000000F  mc_w.l(entry11a.o)
    0x00000420   0x00000420   0x00000004   Code   RO         1376    .ARM.Collect$$$$00002714  mc_w.l(entry4.o)
    0x00000424   0x00000424   0x000001dc   Code   RO          867  * .text               startup_mk64f12.o
    0x00000600   0x00000600   0x00000028   Code   RO         1328    .text               mc_w.l(memcpy.o)
    0x00000628   0x00000628   0x00000024   Code   RO         1332    .text               mc_w.l(memseta.o)
    0x0000064c   0x0000064c   0x0000000e   Code   RO         1334    .text               mc_w.l(strlen.o)
    0x0000065a   0x0000065a   0x00000002   PAD
    0x0000065c   0x0000065c   0x00000024   Code   RO         1429    .text               mc_w.l(init.o)
    0x00000680   0x00000680   0x00000058   Code   RO           54    .text.BOARD_BootClockRUN  clock_config.o
    0x000006d8   0x000006d8   0x00000008   Code   RO           52    .text.BOARD_InitBootClocks  clock_config.o
    0x000006e0   0x000006e0   0x00000008   Code   RO           28    .text.BOARD_InitBootPins  pin_mux.o
    0x000006e8   0x000006e8   0x00000024   Code   RO           30    .text.BOARD_InitPins  pin_mux.o
    0x0000070c   0x0000070c   0x0000004a   Code   RO          213    .text.CLOCK_BootToPeeMode  fsl_clock.o
    0x00000756   0x00000756   0x00000002   PAD
    0x00000758   0x00000758   0x00000012   Code   RO           60    .text.CLOCK_CONFIG_SetFllExtRefDiv  clock_config.o
    0x0000076a   0x0000076a   0x00000002   PAD
    0x0000076c   0x0000076c   0x0000001e   Code   RO          245    .text.CLOCK_DisableClock  fsl_uart.o
    0x0000078a   0x0000078a   0x00000002   PAD
    0x0000078c   0x0000078c   0x00000012   Code   RO           32    .text.CLOCK_EnableClock  pin_mux.o
    0x0000079e   0x0000079e   0x00000002   PAD
    0x000007a0   0x000007a0   0x0000001c   Code   RO          241    .text.CLOCK_EnableClock  fsl_uart.o
    0x000007bc   0x000007bc   0x00000050   Code   RO          155    .text.CLOCK_EnablePll0  fsl_clock.o
    0x0000080c   0x0000080c   0x0000006c   Code   RO          103    .text.CLOCK_GetEr32kClkFreq  fsl_clock.o
    0x00000878   0x00000878   0x0000001e   Code   RO          125    .text.CLOCK_GetFixedFreqClkFreq  fsl_clock.o
    0x00000896   0x00000896   0x00000002   PAD
    0x00000898   0x00000898   0x00000064   Code   RO          219    .text.CLOCK_GetFllExtRefClkFreq  fsl_clock.o
    0x000008fc   0x000008fc   0x00000050   Code   RO          107    .text.CLOCK_GetFllFreq  fsl_clock.o
    0x0000094c   0x0000094c   0x00000022   Code   RO          145    .text.CLOCK_GetFllRefClkFreq  fsl_clock.o
    0x0000096e   0x0000096e   0x00000002   PAD
    0x00000970   0x00000970   0x000000b8   Code   RO          123    .text.CLOCK_GetFreq  fsl_clock.o
    0x00000a28   0x00000a28   0x00000018   Code   RO          127    .text.CLOCK_GetInternalRefClkFreq  fsl_clock.o
    0x00000a40   0x00000a40   0x00000030   Code   RO          141    .text.CLOCK_GetInternalRefClkSelectFreq  fsl_clock.o
    0x00000a70   0x00000a70   0x00000094   Code   RO          143    .text.CLOCK_GetMcgExtClkFreq  fsl_clock.o
    0x00000b04   0x00000b04   0x00000048   Code   RO          101    .text.CLOCK_GetOsc0ErClkFreq  fsl_clock.o
    0x00000b4c   0x00000b4c   0x00000020   Code   RO          169    .text.CLOCK_GetOscRangeFromFreq  fsl_clock.o
    0x00000b6c   0x00000b6c   0x00000030   Code   RO          113    .text.CLOCK_GetOutClkFreq  fsl_clock.o
    0x00000b9c   0x00000b9c   0x00000050   Code   RO          109    .text.CLOCK_GetPll0Freq  fsl_clock.o
    0x00000bec   0x00000bec   0x00000008   Code   RO          147    .text.CLOCK_GetPll0RefFreq  fsl_clock.o
    0x00000bf4   0x00000bf4   0x00000034   Code   RO          105    .text.CLOCK_GetPllFllSelClkFreq  fsl_clock.o
    0x00000c28   0x00000c28   0x00000058   Code   RO          167    .text.CLOCK_InitOsc0  fsl_clock.o
    0x00000c80   0x00000c80   0x00000012   Code   RO          133    .text.CLOCK_SetEr32kClock  fsl_clock.o
    0x00000c92   0x00000c92   0x00000002   PAD
    0x00000c94   0x00000c94   0x0000003a   Code   RO          149    .text.CLOCK_SetExternalRefClkConfig  fsl_clock.o
    0x00000cce   0x00000cce   0x00000002   PAD
    0x00000cd0   0x00000cd0   0x00000092   Code   RO          151    .text.CLOCK_SetInternalRefClkConfig  fsl_clock.o
    0x00000d62   0x00000d62   0x00000002   PAD
    0x00000d64   0x00000d64   0x00000072   Code   RO          197    .text.CLOCK_SetPbeMode  fsl_clock.o
    0x00000dd6   0x00000dd6   0x00000002   PAD
    0x00000dd8   0x00000dd8   0x00000012   Code   RO          131    .text.CLOCK_SetPllFllSelClock  fsl_clock.o
    0x00000dea   0x00000dea   0x00000002   PAD
    0x00000dec   0x00000dec   0x0000001e   Code   RO          129    .text.CLOCK_SetSimConfig  fsl_clock.o
    0x00000e0a   0x00000e0a   0x00000002   PAD
    0x00000e0c   0x00000e0c   0x00000010   Code   RO           56    .text.CLOCK_SetSimSafeDivs  clock_config.o
    0x00000e1c   0x00000e1c   0x00000014   Code   RO           58    .text.CLOCK_SetXtal0Freq  clock_config.o
    0x00000e30   0x00000e30   0x0000004a   Code   RO          637    .text.ConvertRadixNumToString  fsl_str.o
    0x00000e7a   0x00000e7a   0x00000002   PAD
    0x00000e7c   0x00000e7c   0x00000044   Code   RO          699    .text.DbgConsole_PrintCallback  fsl_debug_console.o
    0x00000ec0   0x00000ec0   0x00000020   Code   RO          695    .text.DbgConsole_Printf  fsl_debug_console.o
    0x00000ee0   0x00000ee0   0x0000003e   Code   RO          679    .text.DbgConsole_SendDataReliable  fsl_debug_console.o
    0x00000f1e   0x00000f1e   0x00000002   PAD
    0x00000f20   0x00000f20   0x00000042   Code   RO          697    .text.DbgConsole_Vprintf  fsl_debug_console.o
    0x00000f62   0x00000f62   0x00000002   PAD
    0x00000f64   0x00000f64   0x0000000c   Code   RO          283    .text.DisableGlobalIRQ  fsl_uart.o
    0x00000f70   0x00000f70   0x00000006   Code   RO          285    .text.EnableGlobalIRQ  fsl_uart.o
    0x00000f76   0x00000f76   0x00000002   PAD
    0x00000f78   0x00000f78   0x00000014   Code   RO          279    .text.EnableIRQ     fsl_uart.o
    0x00000f8c   0x00000f8c   0x00000066   Code   RO          754    .text.HAL_UartSendBlocking  fsl_adapter_uart.o
    0x00000ff2   0x00000ff2   0x00000002   PAD
    0x00000ff4   0x00000ff4   0x00000014   Code   RO          171    .text.OSC_SetCapLoad  fsl_clock.o
    0x00001008   0x00001008   0x00000016   Code   RO          173    .text.OSC_SetExtRefClkConfig  fsl_clock.o
    0x0000101e   0x0000101e   0x00000002   PAD
    0x00001020   0x00001020   0x00000018   Code   RO           34    .text.PORT_SetPinMux  pin_mux.o
    0x00001038   0x00001038   0x00000008   PAD
    0x00001040   0x00001040   0x00000064   Code   RO         1307    .text.PendSV_Handler  port.o
    0x000010a4   0x000010a4   0x00000016   Code   RO          633    .text.PrintFilterLengthFlag  fsl_str.o
    0x000010ba   0x000010ba   0x00000002   PAD
    0x000010bc   0x000010bc   0x00000028   Code   RO          631    .text.PrintGetPrecision  fsl_str.o
    0x000010e4   0x000010e4   0x0000001a   Code   RO          649    .text.PrintGetRadixFromobpu  fsl_str.o
    0x000010fe   0x000010fe   0x00000002   PAD
    0x00001100   0x00001100   0x0000003e   Code   RO          629    .text.PrintGetWidth  fsl_str.o
    0x0000113e   0x0000113e   0x00000002   PAD
    0x00001140   0x00001140   0x00000010   Code   RO          635    .text.PrintIsdi     fsl_str.o
    0x00001150   0x00001150   0x0000000e   Code   RO          641    .text.PrintIsfF     fsl_str.o
    0x0000115e   0x0000115e   0x00000002   PAD
    0x00001160   0x00001160   0x00000024   Code   RO          647    .text.PrintIsobpu   fsl_str.o
    0x00001184   0x00001184   0x0000000e   Code   RO          643    .text.PrintIsxX     fsl_str.o
    0x00001192   0x00001192   0x00000002   PAD
    0x00001194   0x00001194   0x00000032   Code   RO          639    .text.PrintOutputdifFobpu  fsl_str.o
    0x000011c6   0x000011c6   0x00000002   PAD
    0x000011c8   0x000011c8   0x00000032   Code   RO          645    .text.PrintOutputxX  fsl_str.o
    0x000011fa   0x000011fa   0x00000006   PAD
    0x00001200   0x00001200   0x00000024   Code   RO         1291    .text.SVC_Handler   port.o
    0x00001224   0x00001224   0x00000014   Code   RO          798    .text.SerialManager_StartWriting  fsl_component_serial_manager.o
    0x00001238   0x00001238   0x00000022   Code   RO          788    .text.SerialManager_Write  fsl_component_serial_manager.o
    0x0000125a   0x0000125a   0x00000002   PAD
    0x0000125c   0x0000125c   0x00000008   Code   RO          786    .text.SerialManager_WriteBlocking  fsl_component_serial_manager.o
    0x00001264   0x00001264   0x0000001a   Code   RO          814    .text.Serial_UartWrite  fsl_component_serial_port_uart.o
    0x0000127e   0x0000127e   0x00000002   PAD
    0x00001280   0x00001280   0x00000188   Code   RO          627    .text.StrFormatPrintf  fsl_str.o
    0x00001408   0x00001408   0x0000002e   Code   RO         1309    .text.SysTick_Handler  port.o
    0x00001436   0x00001436   0x00000002   PAD
    0x00001438   0x00001438   0x00000034   Code   RO          731    .text.SystemInit    system_mk64f12.o
    0x0000146c   0x0000146c   0x00000002   Code   RO          733    .text.SystemInitHook  system_mk64f12.o
    0x0000146e   0x0000146e   0x00000002   PAD
    0x00001470   0x00001470   0x00000026   Code   RO          313    .text.UART0_DriverIRQHandler  fsl_uart.o
    0x00001496   0x00001496   0x00000002   PAD
    0x00001498   0x00001498   0x0000000c   Code   RO          315    .text.UART0_RX_TX_DriverIRQHandler  fsl_uart.o
    0x000014a4   0x000014a4   0x00000026   Code   RO          317    .text.UART1_DriverIRQHandler  fsl_uart.o
    0x000014ca   0x000014ca   0x00000002   PAD
    0x000014cc   0x000014cc   0x0000000c   Code   RO          319    .text.UART1_RX_TX_DriverIRQHandler  fsl_uart.o
    0x000014d8   0x000014d8   0x00000026   Code   RO          321    .text.UART2_DriverIRQHandler  fsl_uart.o
    0x000014fe   0x000014fe   0x00000002   PAD
    0x00001500   0x00001500   0x0000000c   Code   RO          323    .text.UART2_RX_TX_DriverIRQHandler  fsl_uart.o
    0x0000150c   0x0000150c   0x00000026   Code   RO          325    .text.UART3_DriverIRQHandler  fsl_uart.o
    0x00001532   0x00001532   0x00000002   PAD
    0x00001534   0x00001534   0x0000000c   Code   RO          327    .text.UART3_RX_TX_DriverIRQHandler  fsl_uart.o
    0x00001540   0x00001540   0x00000026   Code   RO          329    .text.UART4_DriverIRQHandler  fsl_uart.o
    0x00001566   0x00001566   0x00000002   PAD
    0x00001568   0x00001568   0x0000000c   Code   RO          331    .text.UART4_RX_TX_DriverIRQHandler  fsl_uart.o
    0x00001574   0x00001574   0x00000026   Code   RO          333    .text.UART5_DriverIRQHandler  fsl_uart.o
    0x0000159a   0x0000159a   0x00000002   PAD
    0x0000159c   0x0000159c   0x0000000c   Code   RO          335    .text.UART5_RX_TX_DriverIRQHandler  fsl_uart.o
    0x000015a8   0x000015a8   0x00000036   Code   RO          269    .text.UART_ClearStatusFlags  fsl_uart.o
    0x000015de   0x000015de   0x00000002   PAD
    0x000015e0   0x000015e0   0x0000002c   Code   RO          243    .text.UART_Deinit   fsl_uart.o
    0x0000160c   0x0000160c   0x0000000a   Code   RO          579    .text.UART_EnableRx  fsl_uart_freertos.o
    0x00001616   0x00001616   0x00000002   PAD
    0x00001618   0x00001618   0x0000000a   Code   RO          577    .text.UART_EnableTx  fsl_uart_freertos.o
    0x00001622   0x00001622   0x00000002   PAD
    0x00001624   0x00001624   0x00000038   Code   RO          247    .text.UART_GetDefaultConfig  fsl_uart.o
    0x0000165c   0x0000165c   0x0000005c   Code   RO          235    .text.UART_GetInstance  fsl_uart.o
    0x000016b8   0x000016b8   0x00000016   Code   RO          267    .text.UART_GetStatusFlags  fsl_uart.o
    0x000016ce   0x000016ce   0x00000002   PAD
    0x000016d0   0x000016d0   0x000001d8   Code   RO          239    .text.UART_Init     fsl_uart.o
    0x000018a8   0x000018a8   0x00000076   Code   RO          575    .text.UART_RTOS_Callback  fsl_uart_freertos.o
    0x0000191e   0x0000191e   0x00000002   PAD
    0x00001920   0x00001920   0x00000044   Code   RO          581    .text.UART_RTOS_Deinit  fsl_uart_freertos.o
    0x00001964   0x00001964   0x000000fa   Code   RO          573    .text.UART_RTOS_Init  fsl_uart_freertos.o
    0x00001a5e   0x00001a5e   0x00000002   PAD
    0x00001a60   0x00001a60   0x000000e2   Code   RO          585    .text.UART_RTOS_Receive  fsl_uart_freertos.o
    0x00001b42   0x00001b42   0x00000002   PAD
    0x00001b44   0x00001b44   0x00000080   Code   RO          583    .text.UART_RTOS_Send  fsl_uart_freertos.o
    0x00001bc4   0x00001bc4   0x00000030   Code   RO          305    .text.UART_ReadNonBlocking  fsl_uart.o
    0x00001bf4   0x00001bf4   0x00000056   Code   RO          297    .text.UART_TransferAbortReceive  fsl_uart.o
    0x00001c4a   0x00001c4a   0x00000002   PAD
    0x00001c4c   0x00001c4c   0x00000078   Code   RO          275    .text.UART_TransferCreateHandle  fsl_uart.o
    0x00001cc4   0x00001cc4   0x00000028   Code   RO          237    .text.UART_TransferGetRxRingBufferLength  fsl_uart.o
    0x00001cec   0x00001cec   0x0000041c   Code   RO          277    .text.UART_TransferHandleIRQ  fsl_uart.o
    0x00002108   0x00002108   0x0000002e   Code   RO          307    .text.UART_TransferIsRxRingBufferFull  fsl_uart.o
    0x00002136   0x00002136   0x00000002   PAD
    0x00002138   0x00002138   0x000001ac   Code   RO          295    .text.UART_TransferReceiveNonBlocking  fsl_uart.o
    0x000022e4   0x000022e4   0x000000b0   Code   RO          289    .text.UART_TransferSendNonBlocking  fsl_uart.o
    0x00002394   0x00002394   0x00000078   Code   RO          281    .text.UART_TransferStartRingBuffer  fsl_uart.o
    0x0000240c   0x0000240c   0x00000022   Code   RO          271    .text.UART_WriteBlocking  fsl_uart.o
    0x0000242e   0x0000242e   0x00000002   PAD
    0x00002430   0x00002430   0x00000030   Code   RO          309    .text.UART_WriteNonBlocking  fsl_uart.o
    0x00002460   0x00002460   0x00000020   Code   RO          337    .text.__NVIC_EnableIRQ  fsl_uart.o
    0x00002480   0x00002480   0x0000000e   Code   RO            6    .text.__NVIC_SetPriority  freertos_uart.o
    0x0000248e   0x0000248e   0x00000002   PAD
    0x00002490   0x00002490   0x0000003c   Code   RO          722    .text.__aeabi_assert  fsl_assert.o
    0x000024cc   0x000024cc   0x00000068   Code   RO            4    .text.main          freertos_uart.o
    0x00002534   0x00002534   0x000000a2   Code   RO         1081    .text.prvAddCurrentTaskToDelayedList  tasks.o
    0x000025d6   0x000025d6   0x00000002   PAD
    0x000025d8   0x000025d8   0x000000ae   Code   RO         1069    .text.prvAddNewTaskToReadyList  tasks.o
    0x00002686   0x00002686   0x00000002   PAD
    0x00002688   0x00002688   0x0000006c   Code   RO         1222    .text.prvCheckForValidListAndQueue  timers.o
    0x000026f4   0x000026f4   0x0000004e   Code   RO         1187    .text.prvCheckTasksWaitingTermination  tasks.o
    0x00002742   0x00002742   0x00000002   PAD
    0x00002744   0x00002744   0x00000026   Code   RO          962    .text.prvCopyDataFromQueue  queue.o
    0x0000276a   0x0000276a   0x00000002   PAD
    0x0000276c   0x0000276c   0x0000007a   Code   RO          950    .text.prvCopyDataToQueue  queue.o
    0x000027e6   0x000027e6   0x00000002   PAD
    0x000027e8   0x000027e8   0x00000012   Code   RO         1075    .text.prvDeleteTCB  tasks.o
    0x000027fa   0x000027fa   0x00000002   PAD
    0x000027fc   0x000027fc   0x00000012   Code   RO          966    .text.prvGetDisinheritPriorityAfterTimeout  queue.o
    0x0000280e   0x0000280e   0x00000002   PAD
    0x00002810   0x00002810   0x00000020   Code   RO         1258    .text.prvGetNextExpireTime  timers.o
    0x00002830   0x00002830   0x00000076   Code   RO          597    .text.prvHeapInit   heap_4.o
    0x000028a6   0x000028a6   0x00000002   PAD
    0x000028a8   0x000028a8   0x0000002a   Code   RO         1107    .text.prvIdleTask   tasks.o
    0x000028d2   0x000028d2   0x00000002   PAD
    0x000028d4   0x000028d4   0x00000020   Code   RO          938    .text.prvInitialiseMutex  queue.o
    0x000028f4   0x000028f4   0x00000020   Code   RO          934    .text.prvInitialiseNewQueue  queue.o
    0x00002914   0x00002914   0x000000b8   Code   RO         1067    .text.prvInitialiseNewTask  tasks.o
    0x000029cc   0x000029cc   0x0000006e   Code   RO         1185    .text.prvInitialiseTaskLists  tasks.o
    0x00002a3a   0x00002a3a   0x00000002   PAD
    0x00002a3c   0x00002a3c   0x0000005a   Code   RO          599    .text.prvInsertBlockIntoFreeList  heap_4.o
    0x00002a96   0x00002a96   0x00000002   PAD
    0x00002a98   0x00002a98   0x00000040   Code   RO         1270    .text.prvInsertTimerInActiveList  timers.o
    0x00002ad8   0x00002ad8   0x00000018   Code   RO          964    .text.prvIsQueueEmpty  queue.o
    0x00002af0   0x00002af0   0x0000001c   Code   RO          952    .text.prvIsQueueFull  queue.o
    0x00002b0c   0x00002b0c   0x00000028   Code   RO         1299    .text.prvPortStartFirstTask  port.o
    0x00002b34   0x00002b34   0x0000006e   Code   RO         1266    .text.prvProcessExpiredTimer  timers.o
    0x00002ba2   0x00002ba2   0x00000002   PAD
    0x00002ba4   0x00002ba4   0x00000122   Code   RO         1262    .text.prvProcessReceivedCommands  timers.o
    0x00002cc6   0x00002cc6   0x00000002   PAD
    0x00002cc8   0x00002cc8   0x00000080   Code   RO         1260    .text.prvProcessTimerOrBlockTask  timers.o
    0x00002d48   0x00002d48   0x00000026   Code   RO         1073    .text.prvResetNextTaskUnblockTime  tasks.o
    0x00002d6e   0x00002d6e   0x00000002   PAD
    0x00002d70   0x00002d70   0x0000002a   Code   RO         1264    .text.prvSampleTimeNow  timers.o
    0x00002d9a   0x00002d9a   0x00000002   PAD
    0x00002d9c   0x00002d9c   0x0000008e   Code   RO         1268    .text.prvSwitchTimerLists  timers.o
    0x00002e2a   0x00002e2a   0x00000002   PAD
    0x00002e2c   0x00002e2c   0x00000032   Code   RO         1289    .text.prvTaskExitError  port.o
    0x00002e5e   0x00002e5e   0x00000002   PAD
    0x00002e60   0x00002e60   0x00000018   Code   RO          884    .text.prvTestWaitCondition  event_groups.o
    0x00002e78   0x00002e78   0x00000016   Code   RO         1224    .text.prvTimerTask  timers.o
    0x00002e8e   0x00002e8e   0x00000002   PAD
    0x00002e90   0x00002e90   0x00000072   Code   RO          954    .text.prvUnlockQueue  queue.o
    0x00002f02   0x00002f02   0x00000002   PAD
    0x00002f04   0x00002f04   0x0000014e   Code   RO          595    .text.pvPortMalloc  heap_4.o
    0x00003052   0x00003052   0x00000002   PAD
    0x00003054   0x00003054   0x00000018   Code   RO         1169    .text.pvTaskIncrementMutexHeldCount  tasks.o
    0x0000306c   0x0000306c   0x00000028   Code   RO         1287    .text.pxPortInitialiseStack  port.o
    0x00003094   0x00003094   0x00000110   Code   RO            8    .text.uart_task     freertos_uart.o
    0x000031a4   0x000031a4   0x00000024   Code   RO          920    .text.uxListRemove  list.o
    0x000031c8   0x000031c8   0x0000001a   Code   RO         1167    .text.uxTaskResetEventItemValue  tasks.o
    0x000031e2   0x000031e2   0x00000002   PAD
    0x000031e4   0x000031e4   0x00000042   Code   RO          894    .text.vEventGroupDelete  event_groups.o
    0x00003226   0x00003226   0x00000002   PAD
    0x00003228   0x00003228   0x00000008   Code   RO          896    .text.vEventGroupSetBitsCallback  event_groups.o
    0x00003230   0x00003230   0x00000016   Code   RO          912    .text.vListInitialise  list.o
    0x00003246   0x00003246   0x00000002   PAD
    0x00003248   0x00003248   0x00000006   Code   RO          914    .text.vListInitialiseItem  list.o
    0x0000324e   0x0000324e   0x00000002   PAD
    0x00003250   0x00003250   0x0000003a   Code   RO          918    .text.vListInsert   list.o
    0x0000328a   0x0000328a   0x00000002   PAD
    0x0000328c   0x0000328c   0x0000001c   Code   RO          916    .text.vListInsertEnd  list.o
    0x000032a8   0x000032a8   0x00000014   Code   RO         1297    .text.vPortEnableVFP  port.o
    0x000032bc   0x000032bc   0x00000046   Code   RO         1303    .text.vPortEnterCritical  port.o
    0x00003302   0x00003302   0x00000002   PAD
    0x00003304   0x00003304   0x0000002e   Code   RO         1305    .text.vPortExitCritical  port.o
    0x00003332   0x00003332   0x00000002   PAD
    0x00003334   0x00003334   0x0000008a   Code   RO          601    .text.vPortFree     heap_4.o
    0x000033be   0x000033be   0x00000002   PAD
    0x000033c0   0x000033c0   0x00000034   Code   RO         1295    .text.vPortSetupTimerInterrupt  port.o
    0x000033f4   0x000033f4   0x00000062   Code   RO         1311    .text.vPortValidateInterruptPriority  port.o
    0x00003456   0x00003456   0x00000002   PAD
    0x00003458   0x00003458   0x00000028   Code   RO          994    .text.vQueueAddToRegistry  queue.o
    0x00003480   0x00003480   0x00000026   Code   RO          980    .text.vQueueDelete  queue.o
    0x000034a6   0x000034a6   0x00000002   PAD
    0x000034a8   0x000034a8   0x0000002a   Code   RO          982    .text.vQueueUnregisterQueue  queue.o
    0x000034d2   0x000034d2   0x00000002   PAD
    0x000034d4   0x000034d4   0x00000044   Code   RO          998    .text.vQueueWaitForMessageRestricted  queue.o
    0x00003518   0x00003518   0x0000001a   Code   RO         1139    .text.vTaskInternalSetTimeOutState  tasks.o
    0x00003532   0x00003532   0x00000002   PAD
    0x00003534   0x00003534   0x0000000e   Code   RO         1143    .text.vTaskMissedYield  tasks.o
    0x00003542   0x00003542   0x00000002   PAD
    0x00003544   0x00003544   0x00000032   Code   RO         1127    .text.vTaskPlaceOnEventList  tasks.o
    0x00003576   0x00003576   0x00000002   PAD
    0x00003578   0x00003578   0x0000003e   Code   RO         1131    .text.vTaskPlaceOnEventListRestricted  tasks.o
    0x000035b6   0x000035b6   0x00000002   PAD
    0x000035b8   0x000035b8   0x0000005a   Code   RO         1129    .text.vTaskPlaceOnUnorderedEventList  tasks.o
    0x00003612   0x00003612   0x00000002   PAD
    0x00003614   0x00003614   0x000000ba   Code   RO         1165    .text.vTaskPriorityDisinheritAfterTimeout  tasks.o
    0x000036ce   0x000036ce   0x00000002   PAD
    0x000036d0   0x000036d0   0x00000096   Code   RO         1135    .text.vTaskRemoveFromUnorderedEventList  tasks.o
    0x00003766   0x00003766   0x00000002   PAD
    0x00003768   0x00003768   0x0000009c   Code   RO         1105    .text.vTaskStartScheduler  tasks.o
    0x00003804   0x00003804   0x000000f8   Code   RO         1095    .text.vTaskSuspend  tasks.o
    0x000038fc   0x000038fc   0x00000010   Code   RO         1079    .text.vTaskSuspendAll  tasks.o
    0x0000390c   0x0000390c   0x00000086   Code   RO         1097    .text.vTaskSwitchContext  tasks.o
    0x00003992   0x00003992   0x00000002   PAD
    0x00003994   0x00003994   0x00000048   Code   RO          886    .text.xEventGroupClearBits  event_groups.o
    0x000039dc   0x000039dc   0x0000001c   Code   RO          876    .text.xEventGroupCreate  event_groups.o
    0x000039f8   0x000039f8   0x0000009e   Code   RO          880    .text.xEventGroupSetBits  event_groups.o
    0x00003a96   0x00003a96   0x00000002   PAD
    0x00003a98   0x00003a98   0x00000016   Code   RO          898    .text.xEventGroupSetBitsFromISR  event_groups.o
    0x00003aae   0x00003aae   0x00000002   PAD
    0x00003ab0   0x00003ab0   0x00000120   Code   RO          882    .text.xEventGroupWaitBits  event_groups.o
    0x00003bd0   0x00003bd0   0x00000112   Code   RO         1293    .text.xPortStartScheduler  port.o
    0x00003ce2   0x00003ce2   0x00000002   PAD
    0x00003ce4   0x00003ce4   0x00000016   Code   RO          936    .text.xQueueCreateMutex  queue.o
    0x00003cfa   0x00003cfa   0x00000002   PAD
    0x00003cfc   0x00003cfc   0x00000070   Code   RO          932    .text.xQueueGenericCreate  queue.o
    0x00003d6c   0x00003d6c   0x0000007e   Code   RO          930    .text.xQueueGenericReset  queue.o
    0x00003dea   0x00003dea   0x00000002   PAD
    0x00003dec   0x00003dec   0x000001a2   Code   RO          942    .text.xQueueGenericSend  queue.o
    0x00003f8e   0x00003f8e   0x00000002   PAD
    0x00003f90   0x00003f90   0x000000e8   Code   RO          956    .text.xQueueGenericSendFromISR  queue.o
    0x00004078   0x00004078   0x00000184   Code   RO          960    .text.xQueueReceive  queue.o
    0x000041fc   0x000041fc   0x000001c6   Code   RO          946    .text.xQueueSemaphoreTake  queue.o
    0x000043c2   0x000043c2   0x00000002   PAD
    0x000043c4   0x000043c4   0x0000008c   Code   RO         1141    .text.xTaskCheckForTimeOut  tasks.o
    0x00004450   0x00004450   0x00000060   Code   RO         1065    .text.xTaskCreate   tasks.o
    0x000044b0   0x000044b0   0x00000026   Code   RO         1159    .text.xTaskGetSchedulerState  tasks.o
    0x000044d6   0x000044d6   0x00000002   PAD
    0x000044d8   0x000044d8   0x0000000c   Code   RO         1113    .text.xTaskGetTickCount  tasks.o
    0x000044e4   0x000044e4   0x00000148   Code   RO         1111    .text.xTaskIncrementTick  tasks.o
    0x0000462c   0x0000462c   0x000000aa   Code   RO         1163    .text.xTaskPriorityDisinherit  tasks.o
    0x000046d6   0x000046d6   0x00000002   PAD
    0x000046d8   0x000046d8   0x000000aa   Code   RO         1161    .text.xTaskPriorityInherit  tasks.o
    0x00004782   0x00004782   0x00000002   PAD
    0x00004784   0x00004784   0x00000090   Code   RO         1133    .text.xTaskRemoveFromEventList  tasks.o
    0x00004814   0x00004814   0x00000118   Code   RO         1083    .text.xTaskResumeAll  tasks.o
    0x0000492c   0x0000492c   0x00000060   Code   RO         1220    .text.xTimerCreateTimerTask  timers.o
    0x0000498c   0x0000498c   0x00000068   Code   RO         1230    .text.xTimerGenericCommand  timers.o
    0x000049f4   0x000049f4   0x0000002a   Code   RO         1250    .text.xTimerPendFunctionCallFromISR  timers.o
    0x00004a1e   0x00004a1e   0x0000000e   Code   RO         1435    i.__scatterload_copy  mc_w.l(handlers.o)
    0x00004a2c   0x00004a2c   0x00000002   Code   RO         1436    i.__scatterload_null  mc_w.l(handlers.o)
    0x00004a2e   0x00004a2e   0x0000000e   Code   RO         1437    i.__scatterload_zeroinit  mc_w.l(handlers.o)
    0x00004a3c   0x00004a3c   0x0000000b   Data   RO           68    .rodata.mcgConfig_BOARD_BootClockRUN  clock_config.o
    0x00004a47   0x00004a47   0x00000001   PAD
    0x00004a48   0x00004a48   0x00000008   Data   RO           70    .rodata.oscConfig_BOARD_BootClockRUN  clock_config.o
    0x00004a50   0x00004a50   0x00000018   Data   RO          761    .rodata.s_UartAdapterBase  fsl_adapter_uart.o
    0x00004a68   0x00004a68   0x00000018   Data   RO          342    .rodata.s_uartClock  fsl_uart.o
    0x00004a80   0x00004a80   0x00000006   Data   RO          339    .rodata.s_uartIRQ   fsl_uart.o
    0x00004a86   0x00004a86   0x00000002   PAD
    0x00004a88   0x00004a88   0x00000008   Data   RO           69    .rodata.simConfig_BOARD_BootClockRUN  clock_config.o
    0x00004a90   0x00004a90   0x00000056   Data   RO           10    .rodata.str1.1      freertos_uart.o
    0x00004ae6   0x00004ae6   0x0000003a   Data   RO          222    .rodata.str1.1      fsl_clock.o
    0x00004b20   0x00004b20   0x0000010b   Data   RO          341    .rodata.str1.1      fsl_uart.o
    0x00004c2b   0x00004c2b   0x00000045   Data   RO          760    .rodata.str1.1      fsl_adapter_uart.o
    0x00004c70   0x00004c70   0x00000004   Data   RO         1190    .rodata.uxTopUsedPriority  tasks.o
    0x00004c74   0x00004c74   0x00000020   Data   RO         1434    Region$$Table       anon$$obj.o


    Execution Region RW_m_data (Exec base: 0x1fff0000, Load base: 0x00004c94, Size: 0x00000000, Max: 0x00010000, ABSOLUTE)

    **** No section assigned to this execution region ****


    Execution Region RW_m_data_2 (Exec base: 0x20000000, Load base: 0x00004c94, Size: 0x00002aa0, Max: 0x0002f800, ABSOLUTE)

    Exec Addr    Load Addr    Size         Type   Attr      Idx    E Section Name        Object

    0x20000000   0x00004c94   0x00000004   Data   RW          737    .data.SystemCoreClock  system_mk64f12.o
    0x20000004   0x00004c98   0x00000004   Data   RW          225    .data.s_fastIrcFreq  fsl_clock.o
    0x20000008   0x00004c9c   0x00000004   Data   RW          224    .data.s_slowIrcFreq  fsl_clock.o
    0x2000000c   0x00004ca0   0x00000004   Data   RW          340    .data.s_uartIsr     fsl_uart.o
    0x20000010   0x00004ca4   0x00000004   Data   RW           13    .data.send_hardware_overrun  freertos_uart.o
    0x20000014   0x00004ca8   0x00000004   Data   RW           12    .data.send_ring_overrun  freertos_uart.o
    0x20000018   0x00004cac   0x00000004   Data   RW           11    .data.to_send       freertos_uart.o
    0x2000001c   0x00004cb0   0x00000018   Data   RW           15    .data.uart_config   freertos_uart.o
    0x20000034   0x00004cc8   0x00000004   Data   RW         1315    .data.uxCriticalNesting  port.o
    0x20000038        -       0x00000020   Zero   RW           14    .bss.background_buffer  freertos_uart.o
    0x20000058        -       0x00000004   Zero   RW          713    .bss.g_serialHandle  fsl_debug_console.o
    0x2000005c        -       0x00000004   Zero   RW          221    .bss.g_xtal0Freq    fsl_clock.o
    0x20000060        -       0x00000004   Zero   RW          223    .bss.g_xtal32Freq   fsl_clock.o
    0x20000064        -       0x00000028   Zero   RW           17    .bss.handle         freertos_uart.o
    0x2000008c        -       0x00000004   Zero   RW         1276    .bss.prvSampleTimeNow.xLastTime  timers.o
    0x20000090        -       0x00000004   Zero   RW         1189    .bss.pxCurrentTCB   tasks.o
    0x20000094        -       0x00000004   Zero   RW         1274    .bss.pxCurrentTimerList  timers.o
    0x20000098        -       0x00000004   Zero   RW         1200    .bss.pxDelayedTaskList  tasks.o
    0x2000009c        -       0x00000004   Zero   RW          611    .bss.pxEnd          heap_4.o
    0x200000a0        -       0x00000004   Zero   RW         1201    .bss.pxOverflowDelayedTaskList  tasks.o
    0x200000a4        -       0x00000004   Zero   RW         1275    .bss.pxOverflowTimerList  timers.o
    0x200000a8        -       0x00000064   Zero   RW         1191    .bss.pxReadyTasksLists  tasks.o
    0x2000010c        -       0x00000004   Zero   RW           16    .bss.recv_buffer    freertos_uart.o
    0x20000110        -       0x00000020   Zero   RW          711    .bss.s_debugConsoleState  fsl_debug_console.o
    0x20000130        -       0x00000018   Zero   RW          343    .bss.s_uartHandle   fsl_uart.o
    0x20000148        -       0x00000030   Zero   RW           18    .bss.t_handle       freertos_uart.o
    0x20000178        -       0x00002800   Zero   RW          618    .bss.ucHeap         heap_4.o
    0x20002978        -       0x00000001   Zero   RW         1313    .bss.ucMaxSysCallPriority  port.o
    0x20002979   0x00004ccc   0x00000003   PAD
    0x2000297c        -       0x00000004   Zero   RW         1314    .bss.ulMaxPRIGROUPValue  port.o
    0x20002980        -       0x00000004   Zero   RW         1196    .bss.uxCurrentNumberOfTasks  tasks.o
    0x20002984        -       0x00000004   Zero   RW         1195    .bss.uxDeletedTasksWaitingCleanUp  tasks.o
    0x20002988        -       0x00000004   Zero   RW         1198    .bss.uxSchedulerSuspended  tasks.o
    0x2000298c        -       0x00000004   Zero   RW         1193    .bss.uxTaskNumber   tasks.o
    0x20002990        -       0x00000004   Zero   RW         1192    .bss.uxTopReadyPriority  tasks.o
    0x20002994        -       0x00000014   Zero   RW         1277    .bss.xActiveTimerList1  timers.o
    0x200029a8        -       0x00000014   Zero   RW         1278    .bss.xActiveTimerList2  timers.o
    0x200029bc        -       0x00000001   Zero   RW          612    .bss.xBlockAllocatedBit  heap_4.o
    0x200029bd   0x00004ccc   0x00000003   PAD
    0x200029c0        -       0x00000014   Zero   RW         1210    .bss.xDelayedTaskList1  tasks.o
    0x200029d4        -       0x00000014   Zero   RW         1211    .bss.xDelayedTaskList2  tasks.o
    0x200029e8        -       0x00000004   Zero   RW          613    .bss.xFreeBytesRemaining  heap_4.o
    0x200029ec        -       0x00000004   Zero   RW         1205    .bss.xIdleTaskHandle  tasks.o
    0x200029f0        -       0x00000004   Zero   RW          615    .bss.xMinimumEverFreeBytesRemaining  heap_4.o
    0x200029f4        -       0x00000004   Zero   RW         1206    .bss.xNextTaskUnblockTime  tasks.o
    0x200029f8        -       0x00000004   Zero   RW         1208    .bss.xNumOfOverflows  tasks.o
    0x200029fc        -       0x00000004   Zero   RW          616    .bss.xNumberOfSuccessfulAllocations  heap_4.o
    0x20002a00        -       0x00000004   Zero   RW          617    .bss.xNumberOfSuccessfulFrees  heap_4.o
    0x20002a04        -       0x00000004   Zero   RW         1207    .bss.xPendedTicks   tasks.o
    0x20002a08        -       0x00000014   Zero   RW         1204    .bss.xPendingReadyList  tasks.o
    0x20002a1c        -       0x00000040   Zero   RW         1000    .bss.xQueueRegistry  queue.o
    0x20002a5c        -       0x00000004   Zero   RW         1197    .bss.xSchedulerRunning  tasks.o
    0x20002a60        -       0x00000008   Zero   RW          614    .bss.xStart         heap_4.o
    0x20002a68        -       0x00000014   Zero   RW         1202    .bss.xSuspendedTaskList  tasks.o
    0x20002a7c        -       0x00000014   Zero   RW         1194    .bss.xTasksWaitingTermination  tasks.o
    0x20002a90        -       0x00000004   Zero   RW         1199    .bss.xTickCount     tasks.o
    0x20002a94        -       0x00000004   Zero   RW         1272    .bss.xTimerQueue    timers.o
    0x20002a98        -       0x00000004   Zero   RW         1273    .bss.xTimerTaskHandle  timers.o
    0x20002a9c        -       0x00000004   Zero   RW         1203    .bss.xYieldPending  tasks.o


    Execution Region ARM_LIB_HEAP (Exec base: 0x20002aa0, Load base: 0x00004ccc, Size: 0x00000400, Max: 0x00000400, ABSOLUTE)

    Exec Addr    Load Addr    Size         Type   Attr      Idx    E Section Name        Object

    0x20002aa0        -       0x00000400   Zero   RW            1    ARM_LIB_HEAP.bss    anon$$obj.o


    Execution Region ARM_LIB_STACK (Exec base: 0x2002fc00, Load base: 0x00004ccc, Size: 0x00000400, Max: 0x00000400, ABSOLUTE)

    Exec Addr    Load Addr    Size         Type   Attr      Idx    E Section Name        Object

    0x2002fc00        -       0x00000400   Zero   RW            2    ARM_LIB_STACK.bss   anon$$obj.o


==============================================================================

Image component sizes


      Code (inc. data)   RO Data    RW Data    ZI Data      Debug   Object Name

       150          0         27          0          0       5059   clock_config.o
       666          0          0          0          0       8530   event_groups.o
       390         40         86         36        124       8501   freertos_uart.o
       102          0         93          0          0       6180   fsl_adapter_uart.o
        60         44          0          0          0        695   fsl_assert.o
      1716        120         58          8          8      24972   fsl_clock.o
        62          0          0          0          0       8612   fsl_component_serial_manager.o
        26          0          0          0          0       4281   fsl_component_serial_port_uart.o
       228          0          0          0         36       8939   fsl_debug_console.o
       796          0          0          0          0      11822   fsl_str.o
      3366        184        297          4         24      26256   fsl_uart.o
       810          8          0          0          0       9055   fsl_uart_freertos.o
       680          0          0          0      10269       4789   heap_4.o
       150          0          0          0          0       2242   list.o
        86          0          0          0          0       3714   pin_mux.o
       872         16          0          4          5       3956   port.o
      2348          0          0          0         64      20196   queue.o
       476        232       1040          0          0       2299   startup_mk64f12.o
        54          0          0          4          0       3573   system_mk64f12.o
      3366          8          4          0        260      29689   tasks.o
      1180         26          0          0         60      12490   timers.o

    ----------------------------------------------------------------------
     17786        678       1640         56      12904     205850   Object Totals
         0          0         32          0       2048          0   (incl. Generated)
       202          0          3          0          6          0   (incl. Padding)

    ----------------------------------------------------------------------

      Code (inc. data)   RO Data    RW Data    ZI Data      Debug   Library Member Name

         0          0          0          0          0          0   entry.o
         0          0          0          0          0          0   entry10a.o
         0          0          0          0          0          0   entry11a.o
         8          4          0          0          0          0   entry4.o
         4          0          0          0          0          0   entry5.o
         0          0          0          0          0          0   entry7b.o
         0          0          0          0          0          0   entry8b.o
         8          4          0          0          0          0   entry9a.o
        30          0          0          0          0          0   handlers.o
        36          8          0          0          0         68   init.o
        40          0          0          0          0         76   memcpy.o
        36          0          0          0          0        108   memseta.o
        14          0          0          0          0         68   strlen.o

    ----------------------------------------------------------------------
       178         16          0          0          0        320   Library Totals
         2          0          0          0          0          0   (incl. Padding)

    ----------------------------------------------------------------------

      Code (inc. data)   RO Data    RW Data    ZI Data      Debug   Library Name

       176         16          0          0          0        320   mc_w.l

    ----------------------------------------------------------------------
       178         16          0          0          0        320   Library Totals

    ----------------------------------------------------------------------

==============================================================================


      Code (inc. data)   RO Data    RW Data    ZI Data      Debug   

     17964        694       1640         56      12904     205942   Grand Totals
     17964        694       1640         56      12904     205942   ELF Image Totals
     17964        694       1640         56          0          0   ROM Totals

==============================================================================

    Total RO  Size (Code + RO Data)                19604 (  19.14kB)
    Total RW  Size (RW Data + ZI Data)             12960 (  12.66kB)
    Total ROM Size (Code + RO Data + RW Data)      19660 (  19.20kB)

==============================================================================

